<html>
<body>
<pre>
<h1>�Vision Build Log</h1>
<h2>Tool Versions:</h2>
IDE-Version: ��Vision V5.24.2.0
Copyright (C) 2017 ARM Ltd and ARM Germany GmbH. All rights reserved.
License Information: 1 LENOVO, 1, LIC=47GU5-GZ119-JJF6S-LUJ1F-ZWPZA-HK2D2
 
Tool Versions:
Toolchain:       MDK-ARM Plus  Version: 5.24.1
Toolchain Path:  D:\keil5\ARM\ARMCC\Bin
C Compiler:      Armcc.exe V5.06 update 5 (build 528)
Assembler:       Armasm.exe V5.06 update 5 (build 528)
Linker/Locator:  ArmLink.exe V5.06 update 5 (build 528)
Library Manager: ArmAr.exe V5.06 update 5 (build 528)
Hex Converter:   FromElf.exe V5.06 update 5 (build 528)
CPU DLL:         SARMCM3.DLL V5.24.1
Dialog DLL:      DCM.DLL V1.16.0.0
Target DLL:      STLink\ST-LINKIII-KEIL_SWO.dll V3.0.1.0
Dialog DLL:      TCM.DLL V1.32.0.0
 
<h2>Project:</h2>
C:\Users\LENOVO\Desktop\С��\25e\25K-Car\project.uvprojx
Project File Date:  05/29/2026

<h2>Output:</h2>
*** Using Compiler 'V5.06 update 5 (build 528)', folder: 'D:\keil5\ARM\ARMCC\Bin'
Rebuild target 'Target 1'
compiling stm32f10x_cec.c...
compiling core_cm3.c...
assembling startup_stm32f10x_md.s...
compiling stm32f10x_dac.c...
compiling stm32f10x_can.c...
compiling stm32f10x_exti.c...
compiling stm32f10x_fsmc.c...
compiling stm32f10x_crc.c...
compiling misc.c...
compiling stm32f10x_bkp.c...
compiling system_stm32f10x.c...
compiling stm32f10x_adc.c...
compiling stm32f10x_dbgmcu.c...
compiling stm32f10x_dma.c...
compiling stm32f10x_flash.c...
compiling stm32f10x_gpio.c...
compiling stm32f10x_i2c.c...
compiling stm32f10x_iwdg.c...
compiling stm32f10x_pwr.c...
compiling stm32f10x_rcc.c...
compiling stm32f10x_rtc.c...
compiling stm32f10x_sdio.c...
compiling stm32f10x_spi.c...
compiling stm32f10x_usart.c...
compiling stm32f10x_wwdg.c...
compiling stm32f10x_tim.c...
compiling Delay.c...
compiling Buzzer.c...
"no source": Error:  #5: cannot open source input file "Hardware\Buzzer.c": No such file or directory
Hardware\Buzzer.c: 0 warnings, 1 error
compiling main.c...
.\Hardware\timer.h(17): warning:  #1-D: last line of file ends without a newline
  #endif /* __TIMER_H */
user\main.c: 1 warning, 0 errors
compiling IMU660RA_CONFIG.c...
compiling stm32f10x_it.c...
compiling sys.c...
compiling LED.c...
"no source": Error:  #5: cannot open source input file "Hardware\LED.c": No such file or directory
Hardware\LED.c: 0 warnings, 1 error
compiling IMU660RA.c...
Hardware\IMU660RA.c(267): warning:  #550-D: variable "was_turning"  was set but never used
  static uint8_t was_turning = 0;             // 上一周期是否处于急转弯状�?
Hardware\IMU660RA.c: 1 warning, 0 errors
compiling Key.c...
compiling line.c...
compiling MyI2C.c...
compiling PID.c...
compiling pwm.c...
compiling sensor.c...
compiling timer.c...
Hardware\timer.h(17): warning:  #1-D: last line of file ends without a newline
  #endif /* __TIMER_H */
Hardware\timer.c(50): warning:  #1-D: last line of file ends without a newline
  }
Hardware\timer.c: 2 warnings, 0 errors
compiling OLED.c...
compiling moto.c...
linking...
Program Size: Code=9174 RO-data=9982 RW-data=88 ZI-data=1704  
".\Objects\project.axf" - 0 Error(s), 4 Warning(s).

<h2>Software Packages used:</h2>

Package Vendor: Keil
                http://www.keil.com/pack/Keil.STM32F1xx_DFP.2.2.0.pack
                Keil.STM32F1xx_DFP.2.2.0
                STMicroelectronics STM32F1 Series Device Support, Drivers and Examples

<h2>Collection of Component include folders:</h2>
  .\RTE\_Target_1
  D:\keil5\ARM\PACK\Keil\STM32F1xx_DFP\2.2.0\Device\Include

<h2>Collection of Component Files used:</h2>
Build Time Elapsed:  00:00:02
</pre>
</body>
</html>
