Component: ARM Compiler 5.06 update 5 (build 528) Tool: armlink [4d35e2]

==============================================================================

Section Cross References

    startup_stm32f10x_md.o(STACK) refers (Special) to heapauxi.o(.text) for __use_two_region_memory
    startup_stm32f10x_md.o(HEAP) refers (Special) to heapauxi.o(.text) for __use_two_region_memory
    startup_stm32f10x_md.o(RESET) refers (Special) to heapauxi.o(.text) for __use_two_region_memory
    startup_stm32f10x_md.o(RESET) refers to startup_stm32f10x_md.o(STACK) for __initial_sp
    startup_stm32f10x_md.o(RESET) refers to startup_stm32f10x_md.o(.text) for Reset_Handler
    startup_stm32f10x_md.o(RESET) refers to stm32f10x_it.o(i.NMI_Handler) for NMI_Handler
    startup_stm32f10x_md.o(RESET) refers to stm32f10x_it.o(i.HardFault_Handler) for HardFault_Handler
    startup_stm32f10x_md.o(RESET) refers to stm32f10x_it.o(i.MemManage_Handler) for MemManage_Handler
    startup_stm32f10x_md.o(RESET) refers to stm32f10x_it.o(i.BusFault_Handler) for BusFault_Handler
    startup_stm32f10x_md.o(RESET) refers to stm32f10x_it.o(i.UsageFault_Handler) for UsageFault_Handler
    startup_stm32f10x_md.o(RESET) refers to stm32f10x_it.o(i.SVC_Handler) for SVC_Handler
    startup_stm32f10x_md.o(RESET) refers to stm32f10x_it.o(i.DebugMon_Handler) for DebugMon_Handler
    startup_stm32f10x_md.o(RESET) refers to stm32f10x_it.o(i.PendSV_Handler) for PendSV_Handler
    startup_stm32f10x_md.o(RESET) refers to stm32f10x_it.o(i.SysTick_Handler) for SysTick_Handler
    startup_stm32f10x_md.o(RESET) refers to timer.o(i.TIM2_IRQHandler) for TIM2_IRQHandler
    startup_stm32f10x_md.o(.text) refers (Special) to heapauxi.o(.text) for __use_two_region_memory
    startup_stm32f10x_md.o(.text) refers to system_stm32f10x.o(i.SystemInit) for SystemInit
    startup_stm32f10x_md.o(.text) refers to __main.o(!!!main) for __main
    startup_stm32f10x_md.o(.text) refers to startup_stm32f10x_md.o(HEAP) for Heap_Mem
    startup_stm32f10x_md.o(.text) refers to startup_stm32f10x_md.o(STACK) for Stack_Mem
    system_stm32f10x.o(i.SetSysClock) refers to system_stm32f10x.o(i.SetSysClockTo72) for SetSysClockTo72
    system_stm32f10x.o(i.SystemCoreClockUpdate) refers to system_stm32f10x.o(.data) for SystemCoreClock
    system_stm32f10x.o(i.SystemInit) refers to system_stm32f10x.o(i.SetSysClock) for SetSysClock
    stm32f10x_adc.o(i.ADC_DeInit) refers to stm32f10x_rcc.o(i.RCC_APB2PeriphResetCmd) for RCC_APB2PeriphResetCmd
    stm32f10x_bkp.o(i.BKP_DeInit) refers to stm32f10x_rcc.o(i.RCC_BackupResetCmd) for RCC_BackupResetCmd
    stm32f10x_can.o(i.CAN_DeInit) refers to stm32f10x_rcc.o(i.RCC_APB1PeriphResetCmd) for RCC_APB1PeriphResetCmd
    stm32f10x_can.o(i.CAN_GetITStatus) refers to stm32f10x_can.o(i.CheckITStatus) for CheckITStatus
    stm32f10x_cec.o(i.CEC_DeInit) refers to stm32f10x_rcc.o(i.RCC_APB1PeriphResetCmd) for RCC_APB1PeriphResetCmd
    stm32f10x_dac.o(i.DAC_DeInit) refers to stm32f10x_rcc.o(i.RCC_APB1PeriphResetCmd) for RCC_APB1PeriphResetCmd
    stm32f10x_flash.o(i.FLASH_EnableWriteProtection) refers to stm32f10x_flash.o(i.FLASH_WaitForLastOperation) for FLASH_WaitForLastOperation
    stm32f10x_flash.o(i.FLASH_EraseAllBank1Pages) refers to stm32f10x_flash.o(i.FLASH_WaitForLastBank1Operation) for FLASH_WaitForLastBank1Operation
    stm32f10x_flash.o(i.FLASH_EraseAllPages) refers to stm32f10x_flash.o(i.FLASH_WaitForLastOperation) for FLASH_WaitForLastOperation
    stm32f10x_flash.o(i.FLASH_EraseOptionBytes) refers to stm32f10x_flash.o(i.FLASH_GetReadOutProtectionStatus) for FLASH_GetReadOutProtectionStatus
    stm32f10x_flash.o(i.FLASH_EraseOptionBytes) refers to stm32f10x_flash.o(i.FLASH_WaitForLastOperation) for FLASH_WaitForLastOperation
    stm32f10x_flash.o(i.FLASH_ErasePage) refers to stm32f10x_flash.o(i.FLASH_WaitForLastOperation) for FLASH_WaitForLastOperation
    stm32f10x_flash.o(i.FLASH_ProgramHalfWord) refers to stm32f10x_flash.o(i.FLASH_WaitForLastOperation) for FLASH_WaitForLastOperation
    stm32f10x_flash.o(i.FLASH_ProgramOptionByteData) refers to stm32f10x_flash.o(i.FLASH_WaitForLastOperation) for FLASH_WaitForLastOperation
    stm32f10x_flash.o(i.FLASH_ProgramWord) refers to stm32f10x_flash.o(i.FLASH_WaitForLastOperation) for FLASH_WaitForLastOperation
    stm32f10x_flash.o(i.FLASH_ReadOutProtection) refers to stm32f10x_flash.o(i.FLASH_WaitForLastOperation) for FLASH_WaitForLastOperation
    stm32f10x_flash.o(i.FLASH_UserOptionByteConfig) refers to stm32f10x_flash.o(i.FLASH_WaitForLastOperation) for FLASH_WaitForLastOperation
    stm32f10x_flash.o(i.FLASH_WaitForLastBank1Operation) refers to stm32f10x_flash.o(i.FLASH_GetBank1Status) for FLASH_GetBank1Status
    stm32f10x_flash.o(i.FLASH_WaitForLastOperation) refers to stm32f10x_flash.o(i.FLASH_GetBank1Status) for FLASH_GetBank1Status
    stm32f10x_gpio.o(i.GPIO_AFIODeInit) refers to stm32f10x_rcc.o(i.RCC_APB2PeriphResetCmd) for RCC_APB2PeriphResetCmd
[...]
    Removing stm32f10x_tim.o(i.TIM_GetCapture4), (8 bytes).
    Removing stm32f10x_tim.o(i.TIM_GetCounter), (6 bytes).
    Removing stm32f10x_tim.o(i.TIM_GetFlagStatus), (18 bytes).
    Removing stm32f10x_tim.o(i.TIM_GetPrescaler), (6 bytes).
    Removing stm32f10x_tim.o(i.TIM_ICInit), (172 bytes).
    Removing stm32f10x_tim.o(i.TIM_ICStructInit), (18 bytes).
    Removing stm32f10x_tim.o(i.TIM_ITRxExternalClockConfig), (24 bytes).
    Removing stm32f10x_tim.o(i.TIM_InternalClockConfig), (12 bytes).
    Removing stm32f10x_tim.o(i.TIM_OC1FastConfig), (18 bytes).
    Removing stm32f10x_tim.o(i.TIM_OC1Init), (152 bytes).
    Removing stm32f10x_tim.o(i.TIM_OC1NPolarityConfig), (18 bytes).
    Removing stm32f10x_tim.o(i.TIM_OC1PolarityConfig), (18 bytes).
    Removing stm32f10x_tim.o(i.TIM_OC1PreloadConfig), (18 bytes).
    Removing stm32f10x_tim.o(i.TIM_OC2FastConfig), (26 bytes).
    Removing stm32f10x_tim.o(i.TIM_OC2NPolarityConfig), (26 bytes).
    Removing stm32f10x_tim.o(i.TIM_OC2PolarityConfig), (26 bytes).
    Removing stm32f10x_tim.o(i.TIM_OC3FastConfig), (18 bytes).
    Removing stm32f10x_tim.o(i.TIM_OC3NPolarityConfig), (26 bytes).
    Removing stm32f10x_tim.o(i.TIM_OC3PolarityConfig), (26 bytes).
    Removing stm32f10x_tim.o(i.TIM_OC4FastConfig), (26 bytes).
    Removing stm32f10x_tim.o(i.TIM_OC4Init), (124 bytes).
    Removing stm32f10x_tim.o(i.TIM_OC4PolarityConfig), (26 bytes).
    Removing stm32f10x_tim.o(i.TIM_OC4PreloadConfig), (26 bytes).
    Removing stm32f10x_tim.o(i.TIM_OCStructInit), (20 bytes).
    Removing stm32f10x_tim.o(i.TIM_PWMIConfig), (124 bytes).
    Removing stm32f10x_tim.o(i.TIM_PrescalerConfig), (6 bytes).
    Removing stm32f10x_tim.o(i.TIM_SelectCCDMA), (24 bytes).
    Removing stm32f10x_tim.o(i.TIM_SelectCOM), (24 bytes).
    Removing stm32f10x_tim.o(i.TIM_SelectHallSensor), (24 bytes).
    Removing stm32f10x_tim.o(i.TIM_SelectInputTrigger), (18 bytes).
    Removing stm32f10x_tim.o(i.TIM_SelectMasterSlaveMode), (18 bytes).
    Removing stm32f10x_tim.o(i.TIM_SelectOCxM), (82 bytes).
    Removing stm32f10x_tim.o(i.TIM_SelectOnePulseMode), (18 bytes).
    Removing stm32f10x_tim.o(i.TIM_SelectOutputTrigger), (18 bytes).
    Removing stm32f10x_tim.o(i.TIM_SelectSlaveMode), (18 bytes).
    Removing stm32f10x_tim.o(i.TIM_SetAutoreload), (4 bytes).
    Removing stm32f10x_tim.o(i.TIM_SetClockDivision), (18 bytes).
    Removing stm32f10x_tim.o(i.TIM_SetCompare1), (4 bytes).
    Removing stm32f10x_tim.o(i.TIM_SetCompare4), (6 bytes).
    Removing stm32f10x_tim.o(i.TIM_SetCounter), (4 bytes).
    Removing stm32f10x_tim.o(i.TIM_SetIC1Prescaler), (18 bytes).
    Removing stm32f10x_tim.o(i.TIM_SetIC2Prescaler), (26 bytes).
    Removing stm32f10x_tim.o(i.TIM_SetIC3Prescaler), (18 bytes).
    Removing stm32f10x_tim.o(i.TIM_SetIC4Prescaler), (26 bytes).
    Removing stm32f10x_tim.o(i.TIM_TIxExternalClockConfig), (62 bytes).
    Removing stm32f10x_tim.o(i.TIM_TimeBaseStructInit), (18 bytes).
    Removing stm32f10x_tim.o(i.TIM_UpdateDisableConfig), (24 bytes).
    Removing stm32f10x_tim.o(i.TIM_UpdateRequestConfig), (24 bytes).
    Removing stm32f10x_usart.o(i.USART_ClearFlag), (18 bytes).
    Removing stm32f10x_usart.o(i.USART_ClearITPendingBit), (30 bytes).
    Removing stm32f10x_usart.o(i.USART_ClockInit), (34 bytes).
    Removing stm32f10x_usart.o(i.USART_ClockStructInit), (12 bytes).
    Removing stm32f10x_usart.o(i.USART_Cmd), (24 bytes).
    Removing stm32f10x_usart.o(i.USART_DMACmd), (18 bytes).
    Removing stm32f10x_usart.o(i.USART_DeInit), (156 bytes).
    Removing stm32f10x_usart.o(i.USART_GetFlagStatus), (26 bytes).
    Removing stm32f10x_usart.o(i.USART_GetITStatus), (84 bytes).
    Removing stm32f10x_usart.o(i.USART_HalfDuplexCmd), (24 bytes).
    Removing stm32f10x_usart.o(i.USART_ITConfig), (74 bytes).
    Removing stm32f10x_usart.o(i.USART_Init), (216 bytes).
    Removing stm32f10x_usart.o(i.USART_IrDACmd), (24 bytes).
    Removing stm32f10x_usart.o(i.USART_IrDAConfig), (18 bytes).
    Removing stm32f10x_usart.o(i.USART_LINBreakDetectLengthConfig), (18 bytes).
    Removing stm32f10x_usart.o(i.USART_LINCmd), (24 bytes).
    Removing stm32f10x_usart.o(i.USART_OneBitMethodCmd), (24 bytes).
    Removing stm32f10x_usart.o(i.USART_OverSampling8Cmd), (22 bytes).
    Removing stm32f10x_usart.o(i.USART_ReceiveData), (10 bytes).
    Removing stm32f10x_usart.o(i.USART_ReceiverWakeUpCmd), (24 bytes).
    Removing stm32f10x_usart.o(i.USART_SendBreak), (10 bytes).
    Removing stm32f10x_usart.o(i.USART_SendData), (8 bytes).
    Removing stm32f10x_usart.o(i.USART_SetAddress), (18 bytes).
    Removing stm32f10x_usart.o(i.USART_SetGuardTime), (16 bytes).
    Removing stm32f10x_usart.o(i.USART_SetPrescaler), (16 bytes).
    Removing stm32f10x_usart.o(i.USART_SmartCardCmd), (24 bytes).
    Removing stm32f10x_usart.o(i.USART_SmartCardNACKCmd), (24 bytes).
    Removing stm32f10x_usart.o(i.USART_StructInit), (24 bytes).
    Removing stm32f10x_usart.o(i.USART_WakeUpConfig), (18 bytes).
    Removing stm32f10x_wwdg.o(i.WWDG_ClearFlag), (12 bytes).
    Removing stm32f10x_wwdg.o(i.WWDG_DeInit), (22 bytes).
    Removing stm32f10x_wwdg.o(i.WWDG_Enable), (16 bytes).
    Removing stm32f10x_wwdg.o(i.WWDG_EnableIT), (12 bytes).
    Removing stm32f10x_wwdg.o(i.WWDG_GetFlagStatus), (12 bytes).
    Removing stm32f10x_wwdg.o(i.WWDG_SetCounter), (16 bytes).
    Removing stm32f10x_wwdg.o(i.WWDG_SetPrescaler), (24 bytes).
    Removing stm32f10x_wwdg.o(i.WWDG_SetWindowValue), (40 bytes).
    Removing delay.o(i.Delay_s), (24 bytes).
    Removing sys.o(.emb_text), (6 bytes).
    Removing sys.o(i.INTX_DISABLE), (4 bytes).
    Removing sys.o(i.INTX_ENABLE), (4 bytes).
    Removing sys.o(i.WFI_SET), (4 bytes).
    Removing buzzer.o(i.Buzzer_Beep), (48 bytes).
    Removing buzzer.o(i.Buzzer_BeepPattern), (16 bytes).
    Removing buzzer.o(i.Buzzer_Init), (52 bytes).
    Removing buzzer.o(i.Buzzer_Stop), (36 bytes).
    Removing buzzer.o(i.Buzzer_Update), (48 bytes).
    Removing buzzer.o(.data), (3 bytes).
    Removing imu660ra.o(i.IMU660RA_GetGyroZBias), (12 bytes).
    Removing imu660ra.o(i.IMU660RA_UpdateYaw), (128 bytes).
    Removing led.o(i.LED1_OFF), (16 bytes).
    Removing led.o(i.LED1_ON), (16 bytes).
    Removing led.o(i.LED1_Turn), (36 bytes).
    Removing led.o(i.LED2_OFF), (16 bytes).
    Removing led.o(i.LED2_ON), (16 bytes).
    Removing led.o(i.LED2_Turn), (36 bytes).
    Removing led.o(i.LED_Init), (52 bytes).
    Removing line.o(i.Check_BlackLine), (160 bytes).
    Removing line.o(i.track_zhixian1), (396 bytes).
    Removing line.o(.data), (22 bytes).
    Removing pid.o(i.Car_Get_Straight_Target), (12 bytes).
    Removing pid.o(i.Car_Go_Straight), (204 bytes).
    Removing pid.o(i.Car_Turn_To_Yaw), (252 bytes).
    Removing pid.o(i.PID_Turn_Clear), (20 bytes).
    Removing sensor.o(i.SENSOR_GPIO_Config), (44 bytes).
    Removing sensor.o(i.digtal), (176 bytes).
    Removing oled.o(i.OLED_ShowBinNum), (62 bytes).
    Removing oled.o(i.OLED_ShowHexNum), (84 bytes).
    Removing oled.o(i.OLED_ShowSignedNum), (102 bytes).

486 unused section(s) (total 20333 bytes) removed from the image.

==============================================================================

Image Symbol Table

    Local Symbols

    Symbol Name                              Value     Ov Type        Size  Object(Section)

    ../clib/angel/boardlib.s                 0x00000000   Number         0  boardinit3.o ABSOLUTE
    ../clib/angel/boardlib.s                 0x00000000   Number         0  boardinit2.o ABSOLUTE
    ../clib/angel/boardlib.s                 0x00000000   Number         0  boardinit1.o ABSOLUTE
    ../clib/angel/boardlib.s                 0x00000000   Number         0  boardshut.o ABSOLUTE
    ../clib/angel/handlers.s                 0x00000000   Number         0  __scatter_zi.o ABSOLUTE
    ../clib/angel/handlers.s                 0x00000000   Number         0  __scatter_copy.o ABSOLUTE
    ../clib/angel/kernel.s                   0x00000000   Number         0  __rtentry2.o ABSOLUTE
    ../clib/angel/kernel.s                   0x00000000   Number         0  __rtentry4.o ABSOLUTE
    ../clib/angel/kernel.s                   0x00000000   Number         0  rtexit.o ABSOLUTE
    ../clib/angel/kernel.s                   0x00000000   Number         0  rtexit2.o ABSOLUTE
    ../clib/angel/kernel.s                   0x00000000   Number         0  __rtentry.o ABSOLUTE
    ../clib/angel/rt.s                       0x00000000   Number         0  rt_raise.o ABSOLUTE
    ../clib/angel/scatter.s                  0x00000000   Number         0  __scatter.o ABSOLUTE
    ../clib/angel/startup.s                  0x00000000   Number         0  __main.o ABSOLUTE
    ../clib/angel/sys.s                      0x00000000   Number         0  sys_stackheap_outer.o ABSOLUTE
    ../clib/angel/sys.s                      0x00000000   Number         0  use_no_semi.o ABSOLUTE
    ../clib/angel/sys.s                      0x00000000   Number         0  libspace.o ABSOLUTE
    ../clib/angel/sys.s                      0x00000000   Number         0  indicate_semi.o ABSOLUTE
    ../clib/angel/sysapp.c                   0x00000000   Number         0  sys_wrch.o ABSOLUTE
    ../clib/angel/sysapp.c                   0x00000000   Number         0  sys_exit.o ABSOLUTE
    ../clib/angel/sysapp.c                   0x00000000   Number         0  sys_command.o ABSOLUTE
    ../clib/armsys.c                         0x00000000   Number         0  argv_veneer.o ABSOLUTE
    ../clib/armsys.c                         0x00000000   Number         0  argv_veneer.o ABSOLUTE
    ../clib/armsys.c                         0x00000000   Number         0  _get_argv_nomalloc.o ABSOLUTE
    ../clib/armsys.c                         0x00000000   Number         0  no_argv.o ABSOLUTE
    ../clib/heapalloc.c                      0x00000000   Number         0  hrguard.o ABSOLUTE
    ../clib/heapaux.c                        0x00000000   Number         0  heapauxi.o ABSOLUTE
    ../clib/libinit.s                        0x00000000   Number         0  libinit.o ABSOLUTE
    ../clib/libinit.s                        0x00000000   Number         0  libinit2.o ABSOLUTE
    ../clib/libinit.s                        0x00000000   Number         0  libshutdown2.o ABSOLUTE
    ../clib/libinit.s                        0x00000000   Number         0  libshutdown.o ABSOLUTE
    ../clib/signal.c                         0x00000000   Number         0  defsig_general.o ABSOLUTE
    ../clib/signal.c                         0x00000000   Number         0  defsig_abrt_inner.o ABSOLUTE
    ../clib/signal.c                         0x00000000   Number         0  defsig_fpe_inner.o ABSOLUTE
    ../clib/signal.c                         0x00000000   Number         0  defsig_exit.o ABSOLUTE
    ../clib/signal.c                         0x00000000   Number         0  defsig_rtmem_inner.o ABSOLUTE
    ../clib/signal.c                         0x00000000   Number         0  defsig_cppl_inner.o ABSOLUTE
    ../clib/signal.c                         0x00000000   Number         0  defsig_rtred_inner.o ABSOLUTE
    ../clib/signal.c                         0x00000000   Number         0  defsig_stak_inner.o ABSOLUTE
    ../clib/signal.c                         0x00000000   Number         0  defsig_pvfn_inner.o ABSOLUTE
    ../clib/signal.c                         0x00000000   Number         0  defsig_rtmem_outer.o ABSOLUTE
    ../clib/signal.c                         0x00000000   Number         0  defsig_segv_inner.o ABSOLUTE
    ../clib/signal.c                         0x00000000   Number         0  defsig_other.o ABSOLUTE
    ../clib/signal.c                         0x00000000   Number         0  __raise.o ABSOLUTE
    ../clib/signal.c                         0x00000000   Number         0  defsig_rtmem_formal.o ABSOLUTE
    ../clib/signal.s                         0x00000000   Number         0  defsig.o ABSOLUTE
    ../clib/stdlib.c                         0x00000000   Number         0  exit.o ABSOLUTE
    ../fplib/faddsub.s                       0x00000000   Number         0  faddsub_clz.o ABSOLUTE
    ../fplib/fcmpi.s                         0x00000000   Number         0  fcmpi.o ABSOLUTE
    ../fplib/fdiv.s                          0x00000000   Number         0  fdiv.o ABSOLUTE
    ../fplib/ffix.s                          0x00000000   Number         0  ffix.o ABSOLUTE
    ../fplib/ffixu.s                         0x00000000   Number         0  ffixu.o ABSOLUTE
    ../fplib/fflt.s                          0x00000000   Number         0  fflt_clz.o ABSOLUTE
    ../fplib/fleqf.s                         0x00000000   Number         0  fleqf.o ABSOLUTE
    ../fplib/fmul.s                          0x00000000   Number         0  fmul.o ABSOLUTE
    ../fplib/fnaninf.s                       0x00000000   Number         0  fnaninf.o ABSOLUTE
    ../fplib/fpinit.s                        0x00000000   Number         0  fpinit.o ABSOLUTE
    ../fplib/fretinf.s                       0x00000000   Number         0  fretinf.o ABSOLUTE
    ../fplib/frleqf.s                        0x00000000   Number         0  frleqf.o ABSOLUTE
    ../fplib/usenofp.s                       0x00000000   Number         0  usenofp.o ABSOLUTE
    Hardware\Buzzer.c                        0x00000000   Number         0  buzzer.o ABSOLUTE
    Hardware\IMU660RA.c                      0x00000000   Number         0  imu660ra.o ABSOLUTE
    Hardware\IMU660RA_CONFIG.c               0x00000000   Number         0  imu660ra_config.o ABSOLUTE
    Hardware\Key.c                           0x00000000   Number         0  key.o ABSOLUTE
    Hardware\LED.c                           0x00000000   Number         0  led.o ABSOLUTE
    Hardware\MyI2C.c                         0x00000000   Number         0  myi2c.o ABSOLUTE
    Hardware\OLED.c                          0x00000000   Number         0  oled.o ABSOLUTE
    Hardware\PID.c                           0x00000000   Number         0  pid.o ABSOLUTE
    Hardware\line.c                          0x00000000   Number         0  line.o ABSOLUTE
    Hardware\moto.c                          0x00000000   Number         0  moto.o ABSOLUTE
    Hardware\pwm.c                           0x00000000   Number         0  pwm.o ABSOLUTE
    Hardware\sensor.c                        0x00000000   Number         0  sensor.o ABSOLUTE
    Hardware\timer.c                         0x00000000   Number         0  timer.o ABSOLUTE
    dc.s                                     0x00000000   Number         0  dc.o ABSOLUTE
    libary\misc.c                            0x00000000   Number         0  misc.o ABSOLUTE
    libary\stm32f10x_adc.c                   0x00000000   Number         0  stm32f10x_adc.o ABSOLUTE
    libary\stm32f10x_bkp.c                   0x00000000   Number         0  stm32f10x_bkp.o ABSOLUTE
    libary\stm32f10x_can.c                   0x00000000   Number         0  stm32f10x_can.o ABSOLUTE
    libary\stm32f10x_cec.c                   0x00000000   Number         0  stm32f10x_cec.o ABSOLUTE
    libary\stm32f10x_crc.c                   0x00000000   Number         0  stm32f10x_crc.o ABSOLUTE
    libary\stm32f10x_dac.c                   0x00000000   Number         0  stm32f10x_dac.o ABSOLUTE
    libary\stm32f10x_dbgmcu.c                0x00000000   Number         0  stm32f10x_dbgmcu.o ABSOLUTE
    libary\stm32f10x_dma.c                   0x00000000   Number         0  stm32f10x_dma.o ABSOLUTE
    libary\stm32f10x_exti.c                  0x00000000   Number         0  stm32f10x_exti.o ABSOLUTE
    libary\stm32f10x_flash.c                 0x00000000   Number         0  stm32f10x_flash.o ABSOLUTE
    libary\stm32f10x_fsmc.c                  0x00000000   Number         0  stm32f10x_fsmc.o ABSOLUTE
    libary\stm32f10x_gpio.c                  0x00000000   Number         0  stm32f10x_gpio.o ABSOLUTE
    libary\stm32f10x_i2c.c                   0x00000000   Number         0  stm32f10x_i2c.o ABSOLUTE
    libary\stm32f10x_iwdg.c                  0x00000000   Number         0  stm32f10x_iwdg.o ABSOLUTE
    libary\stm32f10x_pwr.c                   0x00000000   Number         0  stm32f10x_pwr.o ABSOLUTE
    libary\stm32f10x_rcc.c                   0x00000000   Number         0  stm32f10x_rcc.o ABSOLUTE
    libary\stm32f10x_rtc.c                   0x00000000   Number         0  stm32f10x_rtc.o ABSOLUTE
    libary\stm32f10x_sdio.c                  0x00000000   Number         0  stm32f10x_sdio.o ABSOLUTE
    libary\stm32f10x_spi.c                   0x00000000   Number         0  stm32f10x_spi.o ABSOLUTE
    libary\stm32f10x_tim.c                   0x00000000   Number         0  stm32f10x_tim.o ABSOLUTE
    libary\stm32f10x_usart.c                 0x00000000   Number         0  stm32f10x_usart.o ABSOLUTE
    libary\stm32f10x_wwdg.c                  0x00000000   Number         0  stm32f10x_wwdg.o ABSOLUTE
    start\\core_cm3.c                        0x00000000   Number         0  core_cm3.o ABSOLUTE
    start\core_cm3.c                         0x00000000   Number         0  core_cm3.o ABSOLUTE
    start\startup_stm32f10x_md.s             0x00000000   Number         0  startup_stm32f10x_md.o ABSOLUTE
    start\system_stm32f10x.c                 0x00000000   Number         0  system_stm32f10x.o ABSOLUTE
    system\Delay.c                           0x00000000   Number         0  delay.o ABSOLUTE
    system\\sys.c                            0x00000000   Number         0  sys.o ABSOLUTE
    system\sys.c                             0x00000000   Number         0  sys.o ABSOLUTE
    user\main.c                              0x00000000   Number         0  main.o ABSOLUTE
    user\stm32f10x_it.c                      0x00000000   Number         0  stm32f10x_it.o ABSOLUTE
    RESET                                    0x08000000   Section      236  startup_stm32f10x_md.o(RESET)
    !!!main                                  0x080000ec   Section        8  __main.o(!!!main)
    !!!scatter                               0x080000f4   Section       52  __scatter.o(!!!scatter)
    !!handler_copy                           0x08000128   Section       26  __scatter_copy.o(!!handler_copy)
    !!handler_zi                             0x08000144   Section       28  __scatter_zi.o(!!handler_zi)
    .ARM.Collect$$libinit$$00000000          0x08000160   Section        2  libinit.o(.ARM.Collect$$libinit$$00000000)
    .ARM.Collect$$libinit$$00000002          0x08000162   Section        0  libinit2.o(.ARM.Collect$$libinit$$00000002)
    .ARM.Collect$$libinit$$00000004          0x08000162   Section        0  libinit2.o(.ARM.Collect$$libinit$$00000004)
    .ARM.Collect$$libinit$$0000000A          0x08000162   Section        0  libinit2.o(.ARM.Collect$$libinit$$0000000A)
    .ARM.Collect$$libinit$$0000000C          0x08000162   Section        0  libinit2.o(.ARM.Collect$$libinit$$0000000C)
    .ARM.Collect$$libinit$$0000000E          0x08000162   Section        0  libinit2.o(.ARM.Collect$$libinit$$0000000E)
    .ARM.Collect$$libinit$$00000011          0x08000162   Section        0  libinit2.o(.ARM.Collect$$libinit$$00000011)
    .ARM.Collect$$libinit$$00000013          0x08000162   Section        0  libinit2.o(.ARM.Collect$$libinit$$00000013)
    .ARM.Collect$$libinit$$00000015          0x08000162   Section        0  libinit2.o(.ARM.Collect$$libinit$$00000015)
    .ARM.Collect$$libinit$$00000017          0x08000162   Section        0  libinit2.o(.ARM.Collect$$libinit$$00000017)
    .ARM.Collect$$libinit$$00000019          0x08000162   Section        0  libinit2.o(.ARM.Collect$$libinit$$00000019)
    .ARM.Collect$$libinit$$0000001B          0x08000162   Section        0  libinit2.o(.ARM.Collect$$libinit$$0000001B)
    .ARM.Collect$$libinit$$0000001D          0x08000162   Section        0  libinit2.o(.ARM.Collect$$libinit$$0000001D)
    .ARM.Collect$$libinit$$0000001F          0x08000162   Section        0  libinit2.o(.ARM.Collect$$libinit$$0000001F)
    .ARM.Collect$$libinit$$00000021          0x08000162   Section        0  libinit2.o(.ARM.Collect$$libinit$$00000021)
    .ARM.Collect$$libinit$$00000023          0x08000162   Section        0  libinit2.o(.ARM.Collect$$libinit$$00000023)
    .ARM.Collect$$libinit$$00000025          0x08000162   Section        0  libinit2.o(.ARM.Collect$$libinit$$00000025)
    .ARM.Collect$$libinit$$0000002C          0x08000162   Section        0  libinit2.o(.ARM.Collect$$libinit$$0000002C)
    .ARM.Collect$$libinit$$0000002E          0x08000162   Section        0  libinit2.o(.ARM.Collect$$libinit$$0000002E)
    .ARM.Collect$$libinit$$00000030          0x08000162   Section        0  libinit2.o(.ARM.Collect$$libinit$$00000030)
    .ARM.Collect$$libinit$$00000032          0x08000162   Section        0  libinit2.o(.ARM.Collect$$libinit$$00000032)
    .ARM.Collect$$libinit$$00000033          0x08000162   Section        2  libinit2.o(.ARM.Collect$$libinit$$00000033)
    .ARM.Collect$$libshutdown$$00000000      0x08000164   Section        2  libshutdown.o(.ARM.Collect$$libshutdown$$00000000)
    .ARM.Collect$$libshutdown$$00000002      0x08000166   Section        0  libshutdown2.o(.ARM.Collect$$libshutdown$$00000002)
    .ARM.Collect$$libshutdown$$00000004      0x08000166   Section        0  libshutdown2.o(.ARM.Collect$$libshutdown$$00000004)
    .ARM.Collect$$libshutdown$$00000007      0x08000166   Section        0  libshutdown2.o(.ARM.Collect$$libshutdown$$00000007)
    .ARM.Collect$$libshutdown$$0000000A      0x08000166   Section        0  libshutdown2.o(.ARM.Collect$$libshutdown$$0000000A)
    .ARM.Collect$$libshutdown$$0000000C      0x08000166   Section        0  libshutdown2.o(.ARM.Collect$$libshutdown$$0000000C)
    .ARM.Collect$$libshutdown$$0000000F      0x08000166   Section        0  libshutdown2.o(.ARM.Collect$$libshutdown$$0000000F)
    .ARM.Collect$$libshutdown$$00000010      0x08000166   Section        2  libshutdown2.o(.ARM.Collect$$libshutdown$$00000010)
    .ARM.Collect$$rtentry$$00000000          0x08000168   Section        0  __rtentry.o(.ARM.Collect$$rtentry$$00000000)
    .ARM.Collect$$rtentry$$00000002          0x08000168   Section        0  __rtentry2.o(.ARM.Collect$$rtentry$$00000002)
    .ARM.Collect$$rtentry$$00000004          0x08000168   Section        6  __rtentry4.o(.ARM.Collect$$rtentry$$00000004)
    .ARM.Collect$$rtentry$$00000009          0x0800016e   Section        0  __rtentry2.o(.ARM.Collect$$rtentry$$00000009)
    .ARM.Collect$$rtentry$$0000000A          0x0800016e   Section        4  __rtentry2.o(.ARM.Collect$$rtentry$$0000000A)
    .ARM.Collect$$rtentry$$0000000C          0x08000172   Section        0  __rtentry2.o(.ARM.Collect$$rtentry$$0000000C)
    .ARM.Collect$$rtentry$$0000000D          0x08000172   Section        8  __rtentry2.o(.ARM.Collect$$rtentry$$0000000D)
    .ARM.Collect$$rtexit$$00000000           0x0800017a   Section        2  rtexit.o(.ARM.Collect$$rtexit$$00000000)
    .ARM.Collect$$rtexit$$00000002           0x0800017c   Section        0  rtexit2.o(.ARM.Collect$$rtexit$$00000002)
    .ARM.Collect$$rtexit$$00000003           0x0800017c   Section        4  rtexit2.o(.ARM.Collect$$rtexit$$00000003)
    .ARM.Collect$$rtexit$$00000004           0x08000180   Section        6  rtexit2.o(.ARM.Collect$$rtexit$$00000004)
    .text                                    0x08000188   Section       64  startup_stm32f10x_md.o(.text)
    .text                                    0x080001c8   Section        0  heapauxi.o(.text)
    .text                                    0x080001ce   Section       74  sys_stackheap_outer.o(.text)
    .text                                    0x08000218   Section        0  exit.o(.text)
    .text                                    0x0800022c   Section        8  libspace.o(.text)
    .text                                    0x08000234   Section        0  sys_exit.o(.text)
    .text                                    0x08000240   Section        2  use_no_semi.o(.text)
    .text                                    0x08000242   Section        0  indicate_semi.o(.text)
    i.Angle_Normalize                        0x08000244   Section        0  pid.o(i.Angle_Normalize)
    Angle_Normalize                          0x08000245   Thumb Code    52  pid.o(i.Angle_Normalize)
    i.BusFault_Handler                       0x08000284   Section        0  stm32f10x_it.o(i.BusFault_Handler)
    i.Car_Get_Angle                          0x08000288   Section        0  pid.o(i.Car_Get_Angle)
    i.Car_Go_Straight_To_Target              0x080002d8   Section        0  pid.o(i.Car_Go_Straight_To_Target)
    i.Car_Lock_Current_Heading               0x080003a0   Section        0  pid.o(i.Car_Lock_Current_Heading)
    i.Car_Reset_Angle                        0x080003b4   Section        0  pid.o(i.Car_Reset_Angle)
    i.Car_Run_StateMachine                   0x080003d4   Section        0  main.o(i.Car_Run_StateMachine)
    Car_Run_StateMachine                     0x080003d5   Thumb Code   842  main.o(i.Car_Run_StateMachine)
    i.Car_Set_Straight_Target                0x08000758   Section        0  pid.o(i.Car_Set_Straight_Target)
    i.Car_Update_Angle                       0x08000764   Section        0  pid.o(i.Car_Update_Angle)
    i.DebugMon_Handler                       0x08000766   Section        0  stm32f10x_it.o(i.DebugMon_Handler)
    i.Delay_ms                               0x08000768   Section        0  delay.o(i.Delay_ms)
    i.Delay_us                               0x08000780   Section        0  delay.o(i.Delay_us)
    i.GPIO_Init                              0x080007ae   Section        0  stm32f10x_gpio.o(i.GPIO_Init)
    i.GPIO_ReadInputDataBit                  0x080008c4   Section        0  stm32f10x_gpio.o(i.GPIO_ReadInputDataBit)
    i.GPIO_ResetBits                         0x080008d6   Section        0  stm32f10x_gpio.o(i.GPIO_ResetBits)
    i.GPIO_SetBits                           0x080008da   Section        0  stm32f10x_gpio.o(i.GPIO_SetBits)
    i.GPIO_WriteBit                          0x080008de   Section        0  stm32f10x_gpio.o(i.GPIO_WriteBit)
    i.Gpio_Init                              0x080008e8   Section        0  pwm.o(i.Gpio_Init)
    i.HardFault_Handler                      0x08000928   Section        0  stm32f10x_it.o(i.HardFault_Handler)
    i.IMU660RA_CalibrateGyroZ                0x0800092c   Section        0  imu660ra.o(i.IMU660RA_CalibrateGyroZ)
    i.IMU660RA_GetData                       0x08000978   Section        0  imu660ra.o(i.IMU660RA_GetData)
    i.IMU660RA_GetID                         0x08000a04   Section        0  imu660ra.o(i.IMU660RA_GetID)
    i.IMU660RA_GetYaw                        0x08000a10   Section        0  imu660ra.o(i.IMU660RA_GetYaw)
    i.IMU660RA_Init                          0x08000a1c   Section        0  imu660ra.o(i.IMU660RA_Init)
    i.IMU660RA_Kalman_Init                   0x08000ac8   Section        0  imu660ra.o(i.IMU660RA_Kalman_Init)
    i.IMU660RA_ReadReg                       0x08000afc   Section        0  imu660ra.o(i.IMU660RA_ReadReg)
    IMU660RA_ReadReg                         0x08000afd   Thumb Code    62  imu660ra.o(i.IMU660RA_ReadReg)
    i.IMU660RA_ReadRegs                      0x08000b3a   Section        0  imu660ra.o(i.IMU660RA_ReadRegs)
    IMU660RA_ReadRegs                        0x08000b3b   Thumb Code    92  imu660ra.o(i.IMU660RA_ReadRegs)
    i.IMU660RA_UpdateYaw_Filtered            0x08000b98   Section        0  imu660ra.o(i.IMU660RA_UpdateYaw_Filtered)
    i.IMU660RA_WriteReg                      0x08000d6c   Section        0  imu660ra.o(i.IMU660RA_WriteReg)
    IMU660RA_WriteReg                        0x08000d6d   Thumb Code    46  imu660ra.o(i.IMU660RA_WriteReg)
    i.IMU660RA_WriteRegs                     0x08000d9a   Section        0  imu660ra.o(i.IMU660RA_WriteRegs)
    IMU660RA_WriteRegs                       0x08000d9b   Thumb Code    64  imu660ra.o(i.IMU660RA_WriteRegs)
    i.IMU660ra_Calibrate                     0x08000ddc   Section        0  pid.o(i.IMU660ra_Calibrate)
    i.Kalman_SetAdaptiveQ                    0x08000e10   Section        0  imu660ra.o(i.Kalman_SetAdaptiveQ)
    Kalman_SetAdaptiveQ                      0x08000e11   Thumb Code    66  imu660ra.o(i.Kalman_SetAdaptiveQ)
    i.Kalman_Update                          0x08000e68   Section        0  imu660ra.o(i.Kalman_Update)
    Kalman_Update                            0x08000e69   Thumb Code   138  imu660ra.o(i.Kalman_Update)
    i.Key_GetNum                             0x08000f08   Section        0  key.o(i.Key_GetNum)
    i.Key_Init                               0x08000fb4   Section        0  key.o(i.Key_Init)
    i.Key_Scan                               0x08000ffc   Section        0  main.o(i.Key_Scan)
    Key_Scan                                 0x08000ffd   Thumb Code   194  main.o(i.Key_Scan)
    i.MemManage_Handler                      0x080010f4   Section        0  stm32f10x_it.o(i.MemManage_Handler)
    i.MyI2C_Init                             0x080010f8   Section        0  myi2c.o(i.MyI2C_Init)
    i.MyI2C_R_SDA                            0x08001130   Section        0  myi2c.o(i.MyI2C_R_SDA)
    i.MyI2C_ReceiveAck                       0x0800114c   Section        0  myi2c.o(i.MyI2C_ReceiveAck)
    i.MyI2C_ReceiveByte                      0x0800116a   Section        0  myi2c.o(i.MyI2C_ReceiveByte)
    i.MyI2C_SendAck                          0x0800119c   Section        0  myi2c.o(i.MyI2C_SendAck)
    i.MyI2C_SendByte                         0x080011b4   Section        0  myi2c.o(i.MyI2C_SendByte)
    i.MyI2C_Start                            0x080011e6   Section        0  myi2c.o(i.MyI2C_Start)
    i.MyI2C_Stop                             0x08001202   Section        0  myi2c.o(i.MyI2C_Stop)
    i.MyI2C_W_SCL                            0x08001218   Section        0  myi2c.o(i.MyI2C_W_SCL)
    i.MyI2C_W_SDA                            0x08001234   Section        0  myi2c.o(i.MyI2C_W_SDA)
    i.NMI_Handler                            0x08001250   Section        0  stm32f10x_it.o(i.NMI_Handler)
    i.NVIC_Init                              0x08001254   Section        0  misc.o(i.NVIC_Init)
    i.NVIC_PriorityGroupConfig               0x080012c4   Section        0  misc.o(i.NVIC_PriorityGroupConfig)
    i.OLED_Clear                             0x080012d8   Section        0  oled.o(i.OLED_Clear)
    i.OLED_DisplayYaw                        0x08001302   Section        0  main.o(i.OLED_DisplayYaw)
    OLED_DisplayYaw                          0x08001303   Thumb Code    30  main.o(i.OLED_DisplayYaw)
    i.OLED_I2C_Init                          0x08001320   Section        0  oled.o(i.OLED_I2C_Init)
    i.OLED_I2C_SendByte                      0x08001370   Section        0  oled.o(i.OLED_I2C_SendByte)
    i.OLED_I2C_Start                         0x080013cc   Section        0  oled.o(i.OLED_I2C_Start)
    i.OLED_I2C_Stop                          0x08001400   Section        0  oled.o(i.OLED_I2C_Stop)
    i.OLED_Init                              0x08001428   Section        0  oled.o(i.OLED_Init)
    i.OLED_Pow                               0x080014d6   Section        0  oled.o(i.OLED_Pow)
    i.OLED_SetCursor                         0x080014ea   Section        0  oled.o(i.OLED_SetCursor)
    i.OLED_ShowChar                          0x0800150c   Section        0  oled.o(i.OLED_ShowChar)
    i.OLED_ShowNum                           0x08001580   Section        0  oled.o(i.OLED_ShowNum)
    i.OLED_ShowString                        0x080015c4   Section        0  oled.o(i.OLED_ShowString)
    i.OLED_WriteCommand                      0x080015ec   Section        0  oled.o(i.OLED_WriteCommand)
    i.OLED_WriteData                         0x0800160c   Section        0  oled.o(i.OLED_WriteData)
    i.PID_Calc                               0x0800162c   Section        0  pid.o(i.PID_Calc)
    PID_Calc                                 0x0800162d   Thumb Code    18  pid.o(i.PID_Calc)
    i.PID_Calc_Generic                       0x08001644   Section        0  pid.o(i.PID_Calc_Generic)
    PID_Calc_Generic                         0x08001645   Thumb Code   126  pid.o(i.PID_Calc_Generic)
    i.PID_Clear                              0x080016cc   Section        0  pid.o(i.PID_Clear)
    PID_Clear                                0x080016cd   Thumb Code    14  pid.o(i.PID_Clear)
    i.PID_Init                               0x080016e0   Section        0  pid.o(i.PID_Init)
    PID_Init                                 0x080016e1   Thumb Code    28  pid.o(i.PID_Init)
    i.PID_Turn_Init                          0x08001700   Section        0  pid.o(i.PID_Turn_Init)
    PID_Turn_Init                            0x08001701   Thumb Code    28  pid.o(i.PID_Turn_Init)
    i.PWM_Init                               0x08001720   Section        0  pwm.o(i.PWM_Init)
    i.PendSV_Handler                         0x080017d8   Section        0  stm32f10x_it.o(i.PendSV_Handler)
    i.RCC_APB1PeriphClockCmd                 0x080017dc   Section        0  stm32f10x_rcc.o(i.RCC_APB1PeriphClockCmd)
    i.RCC_APB2PeriphClockCmd                 0x080017fc   Section        0  stm32f10x_rcc.o(i.RCC_APB2PeriphClockCmd)
    i.SVC_Handler                            0x0800181c   Section        0  stm32f10x_it.o(i.SVC_Handler)
    i.SetSysClock                            0x0800181e   Section        0  system_stm32f10x.o(i.SetSysClock)
    SetSysClock                              0x0800181f   Thumb Code     8  system_stm32f10x.o(i.SetSysClock)
    i.SetSysClockTo72                        0x08001828   Section        0  system_stm32f10x.o(i.SetSysClockTo72)
    SetSysClockTo72                          0x08001829   Thumb Code   214  system_stm32f10x.o(i.SetSysClockTo72)
    i.Set_PWM                                0x08001908   Section        0  pwm.o(i.Set_PWM)
    i.SysTick_Handler                        0x080019a0   Section        0  stm32f10x_it.o(i.SysTick_Handler)
    i.SystemClock_Config                     0x080019a2   Section        0  main.o(i.SystemClock_Config)
    SystemClock_Config                       0x080019a3   Thumb Code     8  main.o(i.SystemClock_Config)
    i.SystemInit                             0x080019ac   Section        0  system_stm32f10x.o(i.SystemInit)
    i.TIM2_IRQHandler                        0x08001a0c   Section        0  timer.o(i.TIM2_IRQHandler)
    i.TIM2_Init                              0x08001a2c   Section        0  timer.o(i.TIM2_Init)
    i.TIM_ARRPreloadConfig                   0x08001a86   Section        0  stm32f10x_tim.o(i.TIM_ARRPreloadConfig)
    i.TIM_ClearITPendingBit                  0x08001a9e   Section        0  stm32f10x_tim.o(i.TIM_ClearITPendingBit)
    i.TIM_Cmd                                0x08001aa4   Section        0  stm32f10x_tim.o(i.TIM_Cmd)
    i.TIM_CtrlPWMOutputs                     0x08001abc   Section        0  stm32f10x_tim.o(i.TIM_CtrlPWMOutputs)
    i.TIM_GetITStatus                        0x08001ada   Section        0  stm32f10x_tim.o(i.TIM_GetITStatus)
    i.TIM_ITConfig                           0x08001afc   Section        0  stm32f10x_tim.o(i.TIM_ITConfig)
    i.TIM_OC2Init                            0x08001b10   Section        0  stm32f10x_tim.o(i.TIM_OC2Init)
    i.TIM_OC2PreloadConfig                   0x08001bb4   Section        0  stm32f10x_tim.o(i.TIM_OC2PreloadConfig)
    i.TIM_OC3Init                            0x08001bd0   Section        0  stm32f10x_tim.o(i.TIM_OC3Init)
    i.TIM_OC3PreloadConfig                   0x08001c70   Section        0  stm32f10x_tim.o(i.TIM_OC3PreloadConfig)
    i.TIM_SetCompare2                        0x08001c82   Section        0  stm32f10x_tim.o(i.TIM_SetCompare2)
    i.TIM_SetCompare3                        0x08001c86   Section        0  stm32f10x_tim.o(i.TIM_SetCompare3)
    i.TIM_TimeBaseInit                       0x08001c8c   Section        0  stm32f10x_tim.o(i.TIM_TimeBaseInit)
    i.Timer_Check                            0x08001d30   Section        0  main.o(i.Timer_Check)
    Timer_Check                              0x08001d31   Thumb Code    48  main.o(i.Timer_Check)
    i.Timer_Start                            0x08001d68   Section        0  main.o(i.Timer_Start)
    Timer_Start                              0x08001d69   Thumb Code    22  main.o(i.Timer_Start)
    i.UsageFault_Handler                     0x08001d88   Section        0  stm32f10x_it.o(i.UsageFault_Handler)
    i.main                                   0x08001d8c   Section        0  main.o(i.main)
    x$fpl$fadd                               0x08001e6c   Section      196  faddsub_clz.o(x$fpl$fadd)
    _fadd1                                   0x08001e7b   Thumb Code     0  faddsub_clz.o(x$fpl$fadd)
    x$fpl$fcmpinf                            0x08001f30   Section       24  fcmpi.o(x$fpl$fcmpinf)
    x$fpl$fdiv                               0x08001f48   Section      388  fdiv.o(x$fpl$fdiv)
    _fdiv1                                   0x08001f49   Thumb Code     0  fdiv.o(x$fpl$fdiv)
    x$fpl$ffix                               0x080020cc   Section       54  ffix.o(x$fpl$ffix)
    x$fpl$ffixu                              0x08002104   Section       62  ffixu.o(x$fpl$ffixu)
    x$fpl$fflt                               0x08002144   Section       48  fflt_clz.o(x$fpl$fflt)
    x$fpl$fleqf                              0x08002174   Section      104  fleqf.o(x$fpl$fleqf)
    x$fpl$fmul                               0x080021dc   Section      258  fmul.o(x$fpl$fmul)
    x$fpl$fnaninf                            0x080022de   Section      140  fnaninf.o(x$fpl$fnaninf)
    x$fpl$fretinf                            0x0800236a   Section       10  fretinf.o(x$fpl$fretinf)
    x$fpl$frleqf                             0x08002374   Section       98  frleqf.o(x$fpl$frleqf)
    x$fpl$fsub                               0x080023d8   Section      234  faddsub_clz.o(x$fpl$fsub)
    _fsub1                                   0x080023e7   Thumb Code     0  faddsub_clz.o(x$fpl$fsub)
    .constdata                               0x080024c2   Section     8192  imu660ra_config.o(.constdata)
    x$fpl$usenofp                            0x080024c2   Section        0  usenofp.o(x$fpl$usenofp)
    .constdata                               0x080044c2   Section     1520  oled.o(.constdata)
    .data                                    0x20000000   Section       30  main.o(.data)
    oled_disp_counter                        0x20000018   Data           1  main.o(.data)
    task_timer                               0x2000001a   Data           2  main.o(.data)
    timer_active                             0x2000001c   Data           1  main.o(.data)
    .data                                    0x20000020   Section       39  imu660ra.o(.data)
    gyro_z_bias                              0x20000020   Data           2  imu660ra.o(.data)
    Yaw                                      0x20000024   Data           4  imu660ra.o(.data)
    kalman_x                                 0x2000002c   Data           4  imu660ra.o(.data)
    kalman_P                                 0x20000030   Data           4  imu660ra.o(.data)
    kalman_Q                                 0x20000034   Data           4  imu660ra.o(.data)
    kalman_R                                 0x20000038   Data           4  imu660ra.o(.data)
    kalman_first                             0x2000003c   Data           1  imu660ra.o(.data)
    zupt_count                               0x2000003d   Data           1  imu660ra.o(.data)
    bias_correction                          0x20000040   Data           4  imu660ra.o(.data)
    was_stationary                           0x20000044   Data           1  imu660ra.o(.data)
    turn_cooldown                            0x20000045   Data           1  imu660ra.o(.data)
    was_turning                              0x20000046   Data           1  imu660ra.o(.data)
    .data                                    0x20000048   Section        4  key.o(.data)
    key_state                                0x20000048   Data           1  key.o(.data)
    key_debounce                             0x2000004a   Data           2  key.o(.data)
    .data                                    0x2000004c   Section        8  pid.o(.data)
    straight_target_angle                    0x2000004c   Data           4  pid.o(.data)
    yaw_offset                               0x20000050   Data           4  pid.o(.data)
    .data                                    0x20000054   Section        1  timer.o(.data)
    .bss                                     0x20000058   Section       72  pid.o(.bss)
    PID_Str                                  0x20000058   Data          36  pid.o(.bss)
    PID_Turn                                 0x2000007c   Data          36  pid.o(.bss)
    .bss                                     0x200000a0   Section       96  libspace.o(.bss)
    HEAP                                     0x20000100   Section      512  startup_stm32f10x_md.o(HEAP)
    Heap_Mem                                 0x20000100   Data         512  startup_stm32f10x_md.o(HEAP)
    STACK                                    0x20000300   Section     1024  startup_stm32f10x_md.o(STACK)
    Stack_Mem                                0x20000300   Data        1024  startup_stm32f10x_md.o(STACK)
    __initial_sp                             0x20000700   Data           0  startup_stm32f10x_md.o(STACK)

    Global Symbols

    Symbol Name                              Value     Ov Type        Size  Object(Section)

    BuildAttributes$$THM_ISAv4$P$D$K$B$S$PE$A:L22UL41UL21$X:L11$S22US41US21$IEEE1$IW$USESV6$~STKCKD$USESV7$~SHL$OSPACE$ROPI$EBA8$UX$STANDARDLIB$REQ8$PRES8$EABIv2 0x00000000   Number         0  anon$$obj.o ABSOLUTE
    __ARM_use_no_argv                        0x00000000   Number         0  main.o ABSOLUTE
    __ARM_exceptions_init                     - Undefined Weak Reference
    __alloca_initialize                       - Undefined Weak Reference
    __arm_preinit_                            - Undefined Weak Reference
    __cpp_initialize__aeabi_                  - Undefined Weak Reference
    __cxa_finalize                            - Undefined Weak Reference
    __rt_locale                               - Undefined Weak Reference
    __sigvec_lookup                           - Undefined Weak Reference
    _atexit_init                              - Undefined Weak Reference
    _call_atexit_fns                          - Undefined Weak Reference
    _clock_init                               - Undefined Weak Reference
    _fp_trap_init                             - Undefined Weak Reference
    _fp_trap_shutdown                         - Undefined Weak Reference
    _get_lc_collate                           - Undefined Weak Reference
    _get_lc_ctype                             - Undefined Weak Reference
    _get_lc_monetary                          - Undefined Weak Reference
    _get_lc_numeric                           - Undefined Weak Reference
    _get_lc_time                              - Undefined Weak Reference
    _getenv_init                              - Undefined Weak Reference
    _handle_redirection                       - Undefined Weak Reference
    _init_alloc                               - Undefined Weak Reference
    _init_user_alloc                          - Undefined Weak Reference
    _initio                                   - Undefined Weak Reference
    _rand_init                                - Undefined Weak Reference
    _signal_finish                            - Undefined Weak Reference
    _signal_init                              - Undefined Weak Reference
    _terminate_alloc                          - Undefined Weak Reference
    _terminate_user_alloc                     - Undefined Weak Reference
    _terminateio                              - Undefined Weak Reference
    __Vectors_Size                           0x000000ec   Number         0  startup_stm32f10x_md.o ABSOLUTE
    __Vectors                                0x08000000   Data           4  startup_stm32f10x_md.o(RESET)
    __Vectors_End                            0x080000ec   Data           0  startup_stm32f10x_md.o(RESET)
    __main                                   0x080000ed   Thumb Code     8  __main.o(!!!main)
    __scatterload                            0x080000f5   Thumb Code     0  __scatter.o(!!!scatter)
    __scatterload_rt2                        0x080000f5   Thumb Code    44  __scatter.o(!!!scatter)
    __scatterload_rt2_thumb_only             0x080000f5   Thumb Code     0  __scatter.o(!!!scatter)
    __scatterload_null                       0x08000103   Thumb Code     0  __scatter.o(!!!scatter)
    __scatterload_copy                       0x08000129   Thumb Code    26  __scatter_copy.o(!!handler_copy)
    __scatterload_zeroinit                   0x08000145   Thumb Code    28  __scatter_zi.o(!!handler_zi)
    __rt_lib_init                            0x08000161   Thumb Code     0  libinit.o(.ARM.Collect$$libinit$$00000000)
    __rt_lib_init_alloca_1                   0x08000163   Thumb Code     0  libinit2.o(.ARM.Collect$$libinit$$0000002E)
    __rt_lib_init_argv_1                     0x08000163   Thumb Code     0  libinit2.o(.ARM.Collect$$libinit$$0000002C)
    __rt_lib_init_atexit_1                   0x08000163   Thumb Code     0  libinit2.o(.ARM.Collect$$libinit$$0000001B)
    __rt_lib_init_clock_1                    0x08000163   Thumb Code     0  libinit2.o(.ARM.Collect$$libinit$$00000021)
    __rt_lib_init_cpp_1                      0x08000163   Thumb Code     0  libinit2.o(.ARM.Collect$$libinit$$00000032)
    __rt_lib_init_exceptions_1               0x08000163   Thumb Code     0  libinit2.o(.ARM.Collect$$libinit$$00000030)
    __rt_lib_init_fp_1                       0x08000163   Thumb Code     0  libinit2.o(.ARM.Collect$$libinit$$00000002)
    __rt_lib_init_fp_trap_1                  0x08000163   Thumb Code     0  libinit2.o(.ARM.Collect$$libinit$$0000001F)
    __rt_lib_init_getenv_1                   0x08000163   Thumb Code     0  libinit2.o(.ARM.Collect$$libinit$$00000023)
    __rt_lib_init_heap_1                     0x08000163   Thumb Code     0  libinit2.o(.ARM.Collect$$libinit$$0000000A)
    __rt_lib_init_lc_collate_1               0x08000163   Thumb Code     0  libinit2.o(.ARM.Collect$$libinit$$00000011)
    __rt_lib_init_lc_ctype_1                 0x08000163   Thumb Code     0  libinit2.o(.ARM.Collect$$libinit$$00000013)
    __rt_lib_init_lc_monetary_1              0x08000163   Thumb Code     0  libinit2.o(.ARM.Collect$$libinit$$00000015)
    __rt_lib_init_lc_numeric_1               0x08000163   Thumb Code     0  libinit2.o(.ARM.Collect$$libinit$$00000017)
    __rt_lib_init_lc_time_1                  0x08000163   Thumb Code     0  libinit2.o(.ARM.Collect$$libinit$$00000019)
    __rt_lib_init_preinit_1                  0x08000163   Thumb Code     0  libinit2.o(.ARM.Collect$$libinit$$00000004)
    __rt_lib_init_rand_1                     0x08000163   Thumb Code     0  libinit2.o(.ARM.Collect$$libinit$$0000000E)
    __rt_lib_init_return                     0x08000163   Thumb Code     0  libinit2.o(.ARM.Collect$$libinit$$00000033)
    __rt_lib_init_signal_1                   0x08000163   Thumb Code     0  libinit2.o(.ARM.Collect$$libinit$$0000001D)
    __rt_lib_init_stdio_1                    0x08000163   Thumb Code     0  libinit2.o(.ARM.Collect$$libinit$$00000025)
    __rt_lib_init_user_alloc_1               0x08000163   Thumb Code     0  libinit2.o(.ARM.Collect$$libinit$$0000000C)
    __rt_lib_shutdown                        0x08000165   Thumb Code     0  libshutdown.o(.ARM.Collect$$libshutdown$$00000000)
    __rt_lib_shutdown_cpp_1                  0x08000167   Thumb Code     0  libshutdown2.o(.ARM.Collect$$libshutdown$$00000002)
    __rt_lib_shutdown_fp_trap_1              0x08000167   Thumb Code     0  libshutdown2.o(.ARM.Collect$$libshutdown$$00000007)
    __rt_lib_shutdown_heap_1                 0x08000167   Thumb Code     0  libshutdown2.o(.ARM.Collect$$libshutdown$$0000000F)
    __rt_lib_shutdown_return                 0x08000167   Thumb Code     0  libshutdown2.o(.ARM.Collect$$libshutdown$$00000010)
    __rt_lib_shutdown_signal_1               0x08000167   Thumb Code     0  libshutdown2.o(.ARM.Collect$$libshutdown$$0000000A)
    __rt_lib_shutdown_stdio_1                0x08000167   Thumb Code     0  libshutdown2.o(.ARM.Collect$$libshutdown$$00000004)
    __rt_lib_shutdown_user_alloc_1           0x08000167   Thumb Code     0  libshutdown2.o(.ARM.Collect$$libshutdown$$0000000C)
    __rt_entry                               0x08000169   Thumb Code     0  __rtentry.o(.ARM.Collect$$rtentry$$00000000)
    __rt_entry_presh_1                       0x08000169   Thumb Code     0  __rtentry2.o(.ARM.Collect$$rtentry$$00000002)
    __rt_entry_sh                            0x08000169   Thumb Code     0  __rtentry4.o(.ARM.Collect$$rtentry$$00000004)
    __rt_entry_li                            0x0800016f   Thumb Code     0  __rtentry2.o(.ARM.Collect$$rtentry$$0000000A)
    __rt_entry_postsh_1                      0x0800016f   Thumb Code     0  __rtentry2.o(.ARM.Collect$$rtentry$$00000009)
    __rt_entry_main                          0x08000173   Thumb Code     0  __rtentry2.o(.ARM.Collect$$rtentry$$0000000D)
    __rt_entry_postli_1                      0x08000173   Thumb Code     0  __rtentry2.o(.ARM.Collect$$rtentry$$0000000C)
    __rt_exit                                0x0800017b   Thumb Code     0  rtexit.o(.ARM.Collect$$rtexit$$00000000)
    __rt_exit_ls                             0x0800017d   Thumb Code     0  rtexit2.o(.ARM.Collect$$rtexit$$00000003)
    __rt_exit_prels_1                        0x0800017d   Thumb Code     0  rtexit2.o(.ARM.Collect$$rtexit$$00000002)
    __rt_exit_exit                           0x08000181   Thumb Code     0  rtexit2.o(.ARM.Collect$$rtexit$$00000004)
    Reset_Handler                            0x08000189   Thumb Code     8  startup_stm32f10x_md.o(.text)
    ADC1_2_IRQHandler                        0x080001a3   Thumb Code     0  startup_stm32f10x_md.o(.text)
    CAN1_RX1_IRQHandler                      0x080001a3   Thumb Code     0  startup_stm32f10x_md.o(.text)
    CAN1_SCE_IRQHandler                      0x080001a3   Thumb Code     0  startup_stm32f10x_md.o(.text)
    DMA1_Channel1_IRQHandler                 0x080001a3   Thumb Code     0  startup_stm32f10x_md.o(.text)
    DMA1_Channel2_IRQHandler                 0x080001a3   Thumb Code     0  startup_stm32f10x_md.o(.text)
    DMA1_Channel3_IRQHandler                 0x080001a3   Thumb Code     0  startup_stm32f10x_md.o(.text)
    DMA1_Channel4_IRQHandler                 0x080001a3   Thumb Code     0  startup_stm32f10x_md.o(.text)
    DMA1_Channel5_IRQHandler                 0x080001a3   Thumb Code     0  startup_stm32f10x_md.o(.text)
    DMA1_Channel6_IRQHandler                 0x080001a3   Thumb Code     0  startup_stm32f10x_md.o(.text)
    DMA1_Channel7_IRQHandler                 0x080001a3   Thumb Code     0  startup_stm32f10x_md.o(.text)
    EXTI0_IRQHandler                         0x080001a3   Thumb Code     0  startup_stm32f10x_md.o(.text)
    EXTI15_10_IRQHandler                     0x080001a3   Thumb Code     0  startup_stm32f10x_md.o(.text)
    EXTI1_IRQHandler                         0x080001a3   Thumb Code     0  startup_stm32f10x_md.o(.text)
    EXTI2_IRQHandler                         0x080001a3   Thumb Code     0  startup_stm32f10x_md.o(.text)
    EXTI3_IRQHandler                         0x080001a3   Thumb Code     0  startup_stm32f10x_md.o(.text)
    EXTI4_IRQHandler                         0x080001a3   Thumb Code     0  startup_stm32f10x_md.o(.text)
    EXTI9_5_IRQHandler                       0x080001a3   Thumb Code     0  startup_stm32f10x_md.o(.text)
    FLASH_IRQHandler                         0x080001a3   Thumb Code     0  startup_stm32f10x_md.o(.text)
    I2C1_ER_IRQHandler                       0x080001a3   Thumb Code     0  startup_stm32f10x_md.o(.text)
    I2C1_EV_IRQHandler                       0x080001a3   Thumb Code     0  startup_stm32f10x_md.o(.text)
    I2C2_ER_IRQHandler                       0x080001a3   Thumb Code     0  startup_stm32f10x_md.o(.text)
    I2C2_EV_IRQHandler                       0x080001a3   Thumb Code     0  startup_stm32f10x_md.o(.text)
    PVD_IRQHandler                           0x080001a3   Thumb Code     0  startup_stm32f10x_md.o(.text)
    RCC_IRQHandler                           0x080001a3   Thumb Code     0  startup_stm32f10x_md.o(.text)
    RTCAlarm_IRQHandler                      0x080001a3   Thumb Code     0  startup_stm32f10x_md.o(.text)
    RTC_IRQHandler                           0x080001a3   Thumb Code     0  startup_stm32f10x_md.o(.text)
    SPI1_IRQHandler                          0x080001a3   Thumb Code     0  startup_stm32f10x_md.o(.text)
    SPI2_IRQHandler                          0x080001a3   Thumb Code     0  startup_stm32f10x_md.o(.text)
    TAMPER_IRQHandler                        0x080001a3   Thumb Code     0  startup_stm32f10x_md.o(.text)
    TIM1_BRK_IRQHandler                      0x080001a3   Thumb Code     0  startup_stm32f10x_md.o(.text)
    TIM1_CC_IRQHandler                       0x080001a3   Thumb Code     0  startup_stm32f10x_md.o(.text)
    TIM1_TRG_COM_IRQHandler                  0x080001a3   Thumb Code     0  startup_stm32f10x_md.o(.text)
    TIM1_UP_IRQHandler                       0x080001a3   Thumb Code     0  startup_stm32f10x_md.o(.text)
    TIM3_IRQHandler                          0x080001a3   Thumb Code     0  startup_stm32f10x_md.o(.text)
    TIM4_IRQHandler                          0x080001a3   Thumb Code     0  startup_stm32f10x_md.o(.text)
    USART1_IRQHandler                        0x080001a3   Thumb Code     0  startup_stm32f10x_md.o(.text)
    USART2_IRQHandler                        0x080001a3   Thumb Code     0  startup_stm32f10x_md.o(.text)
    USART3_IRQHandler                        0x080001a3   Thumb Code     0  startup_stm32f10x_md.o(.text)
    USBWakeUp_IRQHandler                     0x080001a3   Thumb Code     0  startup_stm32f10x_md.o(.text)
    USB_HP_CAN1_TX_IRQHandler                0x080001a3   Thumb Code     0  startup_stm32f10x_md.o(.text)
    USB_LP_CAN1_RX0_IRQHandler               0x080001a3   Thumb Code     0  startup_stm32f10x_md.o(.text)
    WWDG_IRQHandler                          0x080001a3   Thumb Code     0  startup_stm32f10x_md.o(.text)
    __user_initial_stackheap                 0x080001a5   Thumb Code     0  startup_stm32f10x_md.o(.text)
    __use_two_region_memory                  0x080001c9   Thumb Code     2  heapauxi.o(.text)
    __rt_heap_escrow$2region                 0x080001cb   Thumb Code     2  heapauxi.o(.text)
    __rt_heap_expand$2region                 0x080001cd   Thumb Code     2  heapauxi.o(.text)
    __user_setup_stackheap                   0x080001cf   Thumb Code    74  sys_stackheap_outer.o(.text)
    exit                                     0x08000219   Thumb Code    18  exit.o(.text)
    __user_libspace                          0x0800022d   Thumb Code     8  libspace.o(.text)
    __user_perproc_libspace                  0x0800022d   Thumb Code     0  libspace.o(.text)
    __user_perthread_libspace                0x0800022d   Thumb Code     0  libspace.o(.text)
    _sys_exit                                0x08000235   Thumb Code     8  sys_exit.o(.text)
    __I$use$semihosting                      0x08000241   Thumb Code     0  use_no_semi.o(.text)
    __use_no_semihosting_swi                 0x08000241   Thumb Code     2  use_no_semi.o(.text)
    __semihosting_library_function           0x08000243   Thumb Code     0  indicate_semi.o(.text)
    BusFault_Handler                         0x08000285   Thumb Code     4  stm32f10x_it.o(i.BusFault_Handler)
    Car_Get_Angle                            0x08000289   Thumb Code    64  pid.o(i.Car_Get_Angle)
    Car_Go_Straight_To_Target                0x080002d9   Thumb Code   188  pid.o(i.Car_Go_Straight_To_Target)
    Car_Lock_Current_Heading                 0x080003a1   Thumb Code    16  pid.o(i.Car_Lock_Current_Heading)
    Car_Reset_Angle                          0x080003b5   Thumb Code    22  pid.o(i.Car_Reset_Angle)
    Car_Set_Straight_Target                  0x08000759   Thumb Code     6  pid.o(i.Car_Set_Straight_Target)
    Car_Update_Angle                         0x08000765   Thumb Code     2  pid.o(i.Car_Update_Angle)
    DebugMon_Handler                         0x08000767   Thumb Code     2  stm32f10x_it.o(i.DebugMon_Handler)
    Delay_ms                                 0x08000769   Thumb Code    24  delay.o(i.Delay_ms)
    Delay_us                                 0x08000781   Thumb Code    46  delay.o(i.Delay_us)
    GPIO_Init                                0x080007af   Thumb Code   278  stm32f10x_gpio.o(i.GPIO_Init)
    GPIO_ReadInputDataBit                    0x080008c5   Thumb Code    18  stm32f10x_gpio.o(i.GPIO_ReadInputDataBit)
    GPIO_ResetBits                           0x080008d7   Thumb Code     4  stm32f10x_gpio.o(i.GPIO_ResetBits)
    GPIO_SetBits                             0x080008db   Thumb Code     4  stm32f10x_gpio.o(i.GPIO_SetBits)
    GPIO_WriteBit                            0x080008df   Thumb Code    10  stm32f10x_gpio.o(i.GPIO_WriteBit)
    Gpio_Init                                0x080008e9   Thumb Code    56  pwm.o(i.Gpio_Init)
    HardFault_Handler                        0x08000929   Thumb Code     4  stm32f10x_it.o(i.HardFault_Handler)
    IMU660RA_CalibrateGyroZ                  0x0800092d   Thumb Code    68  imu660ra.o(i.IMU660RA_CalibrateGyroZ)
    IMU660RA_GetData                         0x08000979   Thumb Code   140  imu660ra.o(i.IMU660RA_GetData)
    IMU660RA_GetID                           0x08000a05   Thumb Code    10  imu660ra.o(i.IMU660RA_GetID)
    IMU660RA_GetYaw                          0x08000a11   Thumb Code     6  imu660ra.o(i.IMU660RA_GetYaw)
    IMU660RA_Init                            0x08000a1d   Thumb Code   162  imu660ra.o(i.IMU660RA_Init)
    IMU660RA_Kalman_Init                     0x08000ac9   Thumb Code    30  imu660ra.o(i.IMU660RA_Kalman_Init)
    IMU660RA_UpdateYaw_Filtered              0x08000b99   Thumb Code   406  imu660ra.o(i.IMU660RA_UpdateYaw_Filtered)
    IMU660ra_Calibrate                       0x08000ddd   Thumb Code    40  pid.o(i.IMU660ra_Calibrate)
    Key_GetNum                               0x08000f09   Thumb Code   156  key.o(i.Key_GetNum)
    Key_Init                                 0x08000fb5   Thumb Code    64  key.o(i.Key_Init)
    MemManage_Handler                        0x080010f5   Thumb Code     4  stm32f10x_it.o(i.MemManage_Handler)
    MyI2C_Init                               0x080010f9   Thumb Code    50  myi2c.o(i.MyI2C_Init)
    MyI2C_R_SDA                              0x08001131   Thumb Code    24  myi2c.o(i.MyI2C_R_SDA)
    MyI2C_ReceiveAck                         0x0800114d   Thumb Code    30  myi2c.o(i.MyI2C_ReceiveAck)
    MyI2C_ReceiveByte                        0x0800116b   Thumb Code    50  myi2c.o(i.MyI2C_ReceiveByte)
    MyI2C_SendAck                            0x0800119d   Thumb Code    24  myi2c.o(i.MyI2C_SendAck)
    MyI2C_SendByte                           0x080011b5   Thumb Code    50  myi2c.o(i.MyI2C_SendByte)
    MyI2C_Start                              0x080011e7   Thumb Code    28  myi2c.o(i.MyI2C_Start)
    MyI2C_Stop                               0x08001203   Thumb Code    22  myi2c.o(i.MyI2C_Stop)
    MyI2C_W_SCL                              0x08001219   Thumb Code    24  myi2c.o(i.MyI2C_W_SCL)
    MyI2C_W_SDA                              0x08001235   Thumb Code    24  myi2c.o(i.MyI2C_W_SDA)
    NMI_Handler                              0x08001251   Thumb Code     2  stm32f10x_it.o(i.NMI_Handler)
    NVIC_Init                                0x08001255   Thumb Code   100  misc.o(i.NVIC_Init)
    NVIC_PriorityGroupConfig                 0x080012c5   Thumb Code    10  misc.o(i.NVIC_PriorityGroupConfig)
    OLED_Clear                               0x080012d9   Thumb Code    42  oled.o(i.OLED_Clear)
    OLED_I2C_Init                            0x08001321   Thumb Code    76  oled.o(i.OLED_I2C_Init)
    OLED_I2C_SendByte                        0x08001371   Thumb Code    88  oled.o(i.OLED_I2C_SendByte)
    OLED_I2C_Start                           0x080013cd   Thumb Code    48  oled.o(i.OLED_I2C_Start)
    OLED_I2C_Stop                            0x08001401   Thumb Code    36  oled.o(i.OLED_I2C_Stop)
    OLED_Init                                0x08001429   Thumb Code   174  oled.o(i.OLED_Init)
    OLED_Pow                                 0x080014d7   Thumb Code    20  oled.o(i.OLED_Pow)
    OLED_SetCursor                           0x080014eb   Thumb Code    34  oled.o(i.OLED_SetCursor)
    OLED_ShowChar                            0x0800150d   Thumb Code   110  oled.o(i.OLED_ShowChar)
    OLED_ShowNum                             0x08001581   Thumb Code    68  oled.o(i.OLED_ShowNum)
    OLED_ShowString                          0x080015c5   Thumb Code    40  oled.o(i.OLED_ShowString)
    OLED_WriteCommand                        0x080015ed   Thumb Code    32  oled.o(i.OLED_WriteCommand)
    OLED_WriteData                           0x0800160d   Thumb Code    32  oled.o(i.OLED_WriteData)
    PWM_Init                                 0x08001721   Thumb Code   176  pwm.o(i.PWM_Init)
    PendSV_Handler                           0x080017d9   Thumb Code     2  stm32f10x_it.o(i.PendSV_Handler)
    RCC_APB1PeriphClockCmd                   0x080017dd   Thumb Code    26  stm32f10x_rcc.o(i.RCC_APB1PeriphClockCmd)
    RCC_APB2PeriphClockCmd                   0x080017fd   Thumb Code    26  stm32f10x_rcc.o(i.RCC_APB2PeriphClockCmd)
    SVC_Handler                              0x0800181d   Thumb Code     2  stm32f10x_it.o(i.SVC_Handler)
    Set_PWM                                  0x08001909   Thumb Code   140  pwm.o(i.Set_PWM)
    SysTick_Handler                          0x080019a1   Thumb Code     2  stm32f10x_it.o(i.SysTick_Handler)
    SystemInit                               0x080019ad   Thumb Code    78  system_stm32f10x.o(i.SystemInit)
    TIM2_IRQHandler                          0x08001a0d   Thumb Code    28  timer.o(i.TIM2_IRQHandler)
    TIM2_Init                                0x08001a2d   Thumb Code    90  timer.o(i.TIM2_Init)
    TIM_ARRPreloadConfig                     0x08001a87   Thumb Code    24  stm32f10x_tim.o(i.TIM_ARRPreloadConfig)
    TIM_ClearITPendingBit                    0x08001a9f   Thumb Code     6  stm32f10x_tim.o(i.TIM_ClearITPendingBit)
    TIM_Cmd                                  0x08001aa5   Thumb Code    24  stm32f10x_tim.o(i.TIM_Cmd)
    TIM_CtrlPWMOutputs                       0x08001abd   Thumb Code    30  stm32f10x_tim.o(i.TIM_CtrlPWMOutputs)
    TIM_GetITStatus                          0x08001adb   Thumb Code    34  stm32f10x_tim.o(i.TIM_GetITStatus)
    TIM_ITConfig                             0x08001afd   Thumb Code    18  stm32f10x_tim.o(i.TIM_ITConfig)
    TIM_OC2Init                              0x08001b11   Thumb Code   154  stm32f10x_tim.o(i.TIM_OC2Init)
    TIM_OC2PreloadConfig                     0x08001bb5   Thumb Code    26  stm32f10x_tim.o(i.TIM_OC2PreloadConfig)
    TIM_OC3Init                              0x08001bd1   Thumb Code   150  stm32f10x_tim.o(i.TIM_OC3Init)
    TIM_OC3PreloadConfig                     0x08001c71   Thumb Code    18  stm32f10x_tim.o(i.TIM_OC3PreloadConfig)
    TIM_SetCompare2                          0x08001c83   Thumb Code     4  stm32f10x_tim.o(i.TIM_SetCompare2)
    TIM_SetCompare3                          0x08001c87   Thumb Code     4  stm32f10x_tim.o(i.TIM_SetCompare3)
    TIM_TimeBaseInit                         0x08001c8d   Thumb Code   122  stm32f10x_tim.o(i.TIM_TimeBaseInit)
    UsageFault_Handler                       0x08001d89   Thumb Code     4  stm32f10x_it.o(i.UsageFault_Handler)
    main                                     0x08001d8d   Thumb Code   170  main.o(i.main)
    __aeabi_fadd                             0x08001e6d   Thumb Code     0  faddsub_clz.o(x$fpl$fadd)
    _fadd                                    0x08001e6d   Thumb Code   196  faddsub_clz.o(x$fpl$fadd)
    __fpl_fcmp_Inf                           0x08001f31   Thumb Code    24  fcmpi.o(x$fpl$fcmpinf)
    __aeabi_fdiv                             0x08001f49   Thumb Code     0  fdiv.o(x$fpl$fdiv)
    _fdiv                                    0x08001f49   Thumb Code   384  fdiv.o(x$fpl$fdiv)
    __aeabi_f2iz                             0x080020cd   Thumb Code     0  ffix.o(x$fpl$ffix)
    _ffix                                    0x080020cd   Thumb Code    54  ffix.o(x$fpl$ffix)
    __aeabi_f2uiz                            0x08002105   Thumb Code     0  ffixu.o(x$fpl$ffixu)
    _ffixu                                   0x08002105   Thumb Code    62  ffixu.o(x$fpl$ffixu)
    __aeabi_i2f                              0x08002145   Thumb Code     0  fflt_clz.o(x$fpl$fflt)
    _fflt                                    0x08002145   Thumb Code    48  fflt_clz.o(x$fpl$fflt)
    __aeabi_cfcmple                          0x08002175   Thumb Code     0  fleqf.o(x$fpl$fleqf)
    _fcmple                                  0x08002175   Thumb Code   104  fleqf.o(x$fpl$fleqf)
    __fpl_fcmple_InfNaN                      0x080021c7   Thumb Code     0  fleqf.o(x$fpl$fleqf)
    __aeabi_fmul                             0x080021dd   Thumb Code     0  fmul.o(x$fpl$fmul)
    _fmul                                    0x080021dd   Thumb Code   258  fmul.o(x$fpl$fmul)
    __fpl_fnaninf                            0x080022df   Thumb Code   140  fnaninf.o(x$fpl$fnaninf)
    __fpl_fretinf                            0x0800236b   Thumb Code    10  fretinf.o(x$fpl$fretinf)
    __aeabi_cfrcmple                         0x08002375   Thumb Code     0  frleqf.o(x$fpl$frleqf)
    _frcmple                                 0x08002375   Thumb Code    98  frleqf.o(x$fpl$frleqf)
    __aeabi_fsub                             0x080023d9   Thumb Code     0  faddsub_clz.o(x$fpl$fsub)
    _fsub                                    0x080023d9   Thumb Code   234  faddsub_clz.o(x$fpl$fsub)
    __I$use$fp                               0x080024c2   Number         0  usenofp.o(x$fpl$usenofp)
    imu660ra_config_file                     0x080024c2   Data        8192  imu660ra_config.o(.constdata)
    OLED_F8x16                               0x080044c2   Data        1520  oled.o(.constdata)
    Region$$Table$$Base                      0x08004ab4   Number         0  anon$$obj.o(Region$$Table)
    Region$$Table$$Limit                     0x08004ad4   Number         0  anon$$obj.o(Region$$Table)
    V_R                                      0x20000000   Data           4  main.o(.data)
    V_L                                      0x20000004   Data           4  main.o(.data)
    AX                                       0x20000008   Data           2  main.o(.data)
    AY                                       0x2000000a   Data           2  main.o(.data)
    AZ                                       0x2000000c   Data           2  main.o(.data)
    GX                                       0x2000000e   Data           2  main.o(.data)
    GY                                       0x20000010   Data           2  main.o(.data)
    GZ                                       0x20000012   Data           2  main.o(.data)
    car_state                                0x20000014   Data           2  main.o(.data)
    task_select                              0x20000016   Data           1  main.o(.data)
    Keynum                                   0x20000017   Data           1  main.o(.data)
    now_state                                0x2000001d   Data           1  main.o(.data)
    imu_init_ok                              0x20000028   Data           1  imu660ra.o(.data)
    control_flag                             0x20000054   Data           1  timer.o(.data)
    __libspace_start                         0x200000a0   Data          96  libspace.o(.bss)
    __temporary_stack_top$libspace           0x20000100   Data           0  libspace.o(.bss)



==============================================================================

Memory Map of the image

  Image Entry point : 0x080000ed

  Load Region LR_IROM1 (Base: 0x08000000, Size: 0x00004b2c, Max: 0x00010000, ABSOLUTE)

    Execution Region ER_IROM1 (Exec base: 0x08000000, Load base: 0x08000000, Size: 0x00004ad4, Max: 0x00010000, ABSOLUTE)

    Exec Addr    Load Addr    Size         Type   Attr      Idx    E Section Name        Object

    0x08000000   0x08000000   0x000000ec   Data   RO           19    RESET               startup_stm32f10x_md.o
    0x080000ec   0x080000ec   0x00000008   Code   RO         4072  * !!!main             c_w.l(__main.o)
    0x080000f4   0x080000f4   0x00000034   Code   RO         4266    !!!scatter          c_w.l(__scatter.o)
    0x08000128   0x08000128   0x0000001a   Code   RO         4268    !!handler_copy      c_w.l(__scatter_copy.o)
    0x08000142   0x08000142   0x00000002   PAD
    0x08000144   0x08000144   0x0000001c   Code   RO         4270    !!handler_zi        c_w.l(__scatter_zi.o)
    0x08000160   0x08000160   0x00000002   Code   RO         4136    .ARM.Collect$$libinit$$00000000  c_w.l(libinit.o)
    0x08000162   0x08000162   0x00000000   Code   RO         4143    .ARM.Collect$$libinit$$00000002  c_w.l(libinit2.o)
    0x08000162   0x08000162   0x00000000   Code   RO         4145    .ARM.Collect$$libinit$$00000004  c_w.l(libinit2.o)
    0x08000162   0x08000162   0x00000000   Code   RO         4148    .ARM.Collect$$libinit$$0000000A  c_w.l(libinit2.o)
    0x08000162   0x08000162   0x00000000   Code   RO         4150    .ARM.Collect$$libinit$$0000000C  c_w.l(libinit2.o)
    0x08000162   0x08000162   0x00000000   Code   RO         4152    .ARM.Collect$$libinit$$0000000E  c_w.l(libinit2.o)
    0x08000162   0x08000162   0x00000000   Code   RO         4155    .ARM.Collect$$libinit$$00000011  c_w.l(libinit2.o)
    0x08000162   0x08000162   0x00000000   Code   RO         4157    .ARM.Collect$$libinit$$00000013  c_w.l(libinit2.o)
    0x08000162   0x08000162   0x00000000   Code   RO         4159    .ARM.Collect$$libinit$$00000015  c_w.l(libinit2.o)
    0x08000162   0x08000162   0x00000000   Code   RO         4161    .ARM.Collect$$libinit$$00000017  c_w.l(libinit2.o)
    0x08000162   0x08000162   0x00000000   Code   RO         4163    .ARM.Collect$$libinit$$00000019  c_w.l(libinit2.o)
    0x08000162   0x08000162   0x00000000   Code   RO         4165    .ARM.Collect$$libinit$$0000001B  c_w.l(libinit2.o)
    0x08000162   0x08000162   0x00000000   Code   RO         4167    .ARM.Collect$$libinit$$0000001D  c_w.l(libinit2.o)
    0x08000162   0x08000162   0x00000000   Code   RO         4169    .ARM.Collect$$libinit$$0000001F  c_w.l(libinit2.o)
    0x08000162   0x08000162   0x00000000   Code   RO         4171    .ARM.Collect$$libinit$$00000021  c_w.l(libinit2.o)
    0x08000162   0x08000162   0x00000000   Code   RO         4173    .ARM.Collect$$libinit$$00000023  c_w.l(libinit2.o)
    0x08000162   0x08000162   0x00000000   Code   RO         4175    .ARM.Collect$$libinit$$00000025  c_w.l(libinit2.o)
    0x08000162   0x08000162   0x00000000   Code   RO         4179    .ARM.Collect$$libinit$$0000002C  c_w.l(libinit2.o)
    0x08000162   0x08000162   0x00000000   Code   RO         4181    .ARM.Collect$$libinit$$0000002E  c_w.l(libinit2.o)
    0x08000162   0x08000162   0x00000000   Code   RO         4183    .ARM.Collect$$libinit$$00000030  c_w.l(libinit2.o)
    0x08000162   0x08000162   0x00000000   Code   RO         4185    .ARM.Collect$$libinit$$00000032  c_w.l(libinit2.o)
    0x08000162   0x08000162   0x00000002   Code   RO         4186    .ARM.Collect$$libinit$$00000033  c_w.l(libinit2.o)
    0x08000164   0x08000164   0x00000002   Code   RO         4206    .ARM.Collect$$libshutdown$$00000000  c_w.l(libshutdown.o)
    0x08000166   0x08000166   0x00000000   Code   RO         4219    .ARM.Collect$$libshutdown$$00000002  c_w.l(libshutdown2.o)
    0x08000166   0x08000166   0x00000000   Code   RO         4221    .ARM.Collect$$libshutdown$$00000004  c_w.l(libshutdown2.o)
    0x08000166   0x08000166   0x00000000   Code   RO         4224    .ARM.Collect$$libshutdown$$00000007  c_w.l(libshutdown2.o)
    0x08000166   0x08000166   0x00000000   Code   RO         4227    .ARM.Collect$$libshutdown$$0000000A  c_w.l(libshutdown2.o)
    0x08000166   0x08000166   0x00000000   Code   RO         4229    .ARM.Collect$$libshutdown$$0000000C  c_w.l(libshutdown2.o)
    0x08000166   0x08000166   0x00000000   Code   RO         4232    .ARM.Collect$$libshutdown$$0000000F  c_w.l(libshutdown2.o)
    0x08000166   0x08000166   0x00000002   Code   RO         4233    .ARM.Collect$$libshutdown$$00000010  c_w.l(libshutdown2.o)
    0x08000168   0x08000168   0x00000000   Code   RO         4104    .ARM.Collect$$rtentry$$00000000  c_w.l(__rtentry.o)
    0x08000168   0x08000168   0x00000000   Code   RO         4113    .ARM.Collect$$rtentry$$00000002  c_w.l(__rtentry2.o)
    0x08000168   0x08000168   0x00000006   Code   RO         4125    .ARM.Collect$$rtentry$$00000004  c_w.l(__rtentry4.o)
    0x0800016e   0x0800016e   0x00000000   Code   RO         4115    .ARM.Collect$$rtentry$$00000009  c_w.l(__rtentry2.o)
    0x0800016e   0x0800016e   0x00000004   Code   RO         4116    .ARM.Collect$$rtentry$$0000000A  c_w.l(__rtentry2.o)
    0x08000172   0x08000172   0x00000000   Code   RO         4118    .ARM.Collect$$rtentry$$0000000C  c_w.l(__rtentry2.o)
    0x08000172   0x08000172   0x00000008   Code   RO         4119    .ARM.Collect$$rtentry$$0000000D  c_w.l(__rtentry2.o)
    0x0800017a   0x0800017a   0x00000002   Code   RO         4140    .ARM.Collect$$rtexit$$00000000  c_w.l(rtexit.o)
    0x0800017c   0x0800017c   0x00000000   Code   RO         4188    .ARM.Collect$$rtexit$$00000002  c_w.l(rtexit2.o)
    0x0800017c   0x0800017c   0x00000004   Code   RO         4189    .ARM.Collect$$rtexit$$00000003  c_w.l(rtexit2.o)
    0x08000180   0x08000180   0x00000006   Code   RO         4190    .ARM.Collect$$rtexit$$00000004  c_w.l(rtexit2.o)
    0x08000186   0x08000186   0x00000002   PAD
    0x08000188   0x08000188   0x00000040   Code   RO           20    .text               startup_stm32f10x_md.o
    0x080001c8   0x080001c8   0x00000006   Code   RO         4070    .text               c_w.l(heapauxi.o)
    0x080001ce   0x080001ce   0x0000004a   Code   RO         4127    .text               c_w.l(sys_stackheap_outer.o)
    0x08000218   0x08000218   0x00000012   Code   RO         4129    .text               c_w.l(exit.o)
    0x0800022a   0x0800022a   0x00000002   PAD
    0x0800022c   0x0800022c   0x00000008   Code   RO         4137    .text               c_w.l(libspace.o)
    0x08000234   0x08000234   0x0000000c   Code   RO         4198    .text               c_w.l(sys_exit.o)
    0x08000240   0x08000240   0x00000002   Code   RO         4209    .text               c_w.l(use_no_semi.o)
    0x08000242   0x08000242   0x00000000   Code   RO         4211    .text               c_w.l(indicate_semi.o)
    0x08000242   0x08000242   0x00000002   PAD
    0x08000244   0x08000244   0x00000040   Code   RO         3777    i.Angle_Normalize   pid.o
    0x08000284   0x08000284   0x00000004   Code   RO         3312    i.BusFault_Handler  stm32f10x_it.o
    0x08000288   0x08000288   0x00000050   Code   RO         3778    i.Car_Get_Angle     pid.o
    0x080002d8   0x080002d8   0x000000c8   Code   RO         3781    i.Car_Go_Straight_To_Target  pid.o
    0x080003a0   0x080003a0   0x00000014   Code   RO         3782    i.Car_Lock_Current_Heading  pid.o
    0x080003b4   0x080003b4   0x00000020   Code   RO         3783    i.Car_Reset_Angle   pid.o
    0x080003d4   0x080003d4   0x00000384   Code   RO         3251    i.Car_Run_StateMachine  main.o
    0x08000758   0x08000758   0x0000000c   Code   RO         3784    i.Car_Set_Straight_Target  pid.o
    0x08000764   0x08000764   0x00000002   Code   RO         3786    i.Car_Update_Angle  pid.o
    0x08000766   0x08000766   0x00000002   Code   RO         3313    i.DebugMon_Handler  stm32f10x_it.o
    0x08000768   0x08000768   0x00000018   Code   RO         3196    i.Delay_ms          delay.o
    0x08000780   0x08000780   0x0000002e   Code   RO         3198    i.Delay_us          delay.o
    0x080007ae   0x080007ae   0x00000116   Code   RO         1347    i.GPIO_Init         stm32f10x_gpio.o
    0x080008c4   0x080008c4   0x00000012   Code   RO         1351    i.GPIO_ReadInputDataBit  stm32f10x_gpio.o
    0x080008d6   0x080008d6   0x00000004   Code   RO         1354    i.GPIO_ResetBits    stm32f10x_gpio.o
    0x080008da   0x080008da   0x00000004   Code   RO         1355    i.GPIO_SetBits      stm32f10x_gpio.o
    0x080008de   0x080008de   0x0000000a   Code   RO         1358    i.GPIO_WriteBit     stm32f10x_gpio.o
    0x080008e8   0x080008e8   0x00000040   Code   RO         3888    i.Gpio_Init         pwm.o
    0x08000928   0x08000928   0x00000004   Code   RO         3314    i.HardFault_Handler  stm32f10x_it.o
    0x0800092c   0x0800092c   0x0000004c   Code   RO         3499    i.IMU660RA_CalibrateGyroZ  imu660ra.o
    0x08000978   0x08000978   0x0000008c   Code   RO         3500    i.IMU660RA_GetData  imu660ra.o
    0x08000a04   0x08000a04   0x0000000a   Code   RO         3502    i.IMU660RA_GetID    imu660ra.o
    0x08000a0e   0x08000a0e   0x00000002   PAD
    0x08000a10   0x08000a10   0x0000000c   Code   RO         3503    i.IMU660RA_GetYaw   imu660ra.o
    0x08000a1c   0x08000a1c   0x000000ac   Code   RO         3504    i.IMU660RA_Init     imu660ra.o
    0x08000ac8   0x08000ac8   0x00000034   Code   RO         3505    i.IMU660RA_Kalman_Init  imu660ra.o
    0x08000afc   0x08000afc   0x0000003e   Code   RO         3506    i.IMU660RA_ReadReg  imu660ra.o
    0x08000b3a   0x08000b3a   0x0000005c   Code   RO         3507    i.IMU660RA_ReadRegs  imu660ra.o
    0x08000b96   0x08000b96   0x00000002   PAD
    0x08000b98   0x08000b98   0x000001d4   Code   RO         3509    i.IMU660RA_UpdateYaw_Filtered  imu660ra.o
    0x08000d6c   0x08000d6c   0x0000002e   Code   RO         3510    i.IMU660RA_WriteReg  imu660ra.o
    0x08000d9a   0x08000d9a   0x00000040   Code   RO         3511    i.IMU660RA_WriteRegs  imu660ra.o
    0x08000dda   0x08000dda   0x00000002   PAD
    0x08000ddc   0x08000ddc   0x00000034   Code   RO         3787    i.IMU660ra_Calibrate  pid.o
    0x08000e10   0x08000e10   0x00000058   Code   RO         3512    i.Kalman_SetAdaptiveQ  imu660ra.o
    0x08000e68   0x08000e68   0x000000a0   Code   RO         3513    i.Kalman_Update     imu660ra.o
    0x08000f08   0x08000f08   0x000000ac   Code   RO         3608    i.Key_GetNum        key.o
    0x08000fb4   0x08000fb4   0x00000048   Code   RO         3609    i.Key_Init          key.o
    0x08000ffc   0x08000ffc   0x000000f8   Code   RO         3252    i.Key_Scan          main.o
    0x080010f4   0x080010f4   0x00000004   Code   RO         3315    i.MemManage_Handler  stm32f10x_it.o
    0x080010f8   0x080010f8   0x00000038   Code   RO         3711    i.MyI2C_Init        myi2c.o
    0x08001130   0x08001130   0x0000001c   Code   RO         3712    i.MyI2C_R_SDA       myi2c.o
    0x0800114c   0x0800114c   0x0000001e   Code   RO         3713    i.MyI2C_ReceiveAck  myi2c.o
    0x0800116a   0x0800116a   0x00000032   Code   RO         3714    i.MyI2C_ReceiveByte  myi2c.o
    0x0800119c   0x0800119c   0x00000018   Code   RO         3715    i.MyI2C_SendAck     myi2c.o
    0x080011b4   0x080011b4   0x00000032   Code   RO         3716    i.MyI2C_SendByte    myi2c.o
    0x080011e6   0x080011e6   0x0000001c   Code   RO         3717    i.MyI2C_Start       myi2c.o
    0x08001202   0x08001202   0x00000016   Code   RO         3718    i.MyI2C_Stop        myi2c.o
    0x08001218   0x08001218   0x0000001c   Code   RO         3719    i.MyI2C_W_SCL       myi2c.o
    0x08001234   0x08001234   0x0000001c   Code   RO         3720    i.MyI2C_W_SDA       myi2c.o
    0x08001250   0x08001250   0x00000002   Code   RO         3316    i.NMI_Handler       stm32f10x_it.o
    0x08001252   0x08001252   0x00000002   PAD
    0x08001254   0x08001254   0x00000070   Code   RO          137    i.NVIC_Init         misc.o
    0x080012c4   0x080012c4   0x00000014   Code   RO          138    i.NVIC_PriorityGroupConfig  misc.o
    0x080012d8   0x080012d8   0x0000002a   Code   RO         3954    i.OLED_Clear        oled.o
    0x08001302   0x08001302   0x0000001e   Code   RO         3253    i.OLED_DisplayYaw   main.o
    0x08001320   0x08001320   0x00000050   Code   RO         3955    i.OLED_I2C_Init     oled.o
    0x08001370   0x08001370   0x0000005c   Code   RO         3956    i.OLED_I2C_SendByte  oled.o
    0x080013cc   0x080013cc   0x00000034   Code   RO         3957    i.OLED_I2C_Start    oled.o
    0x08001400   0x08001400   0x00000028   Code   RO         3958    i.OLED_I2C_Stop     oled.o
    0x08001428   0x08001428   0x000000ae   Code   RO         3959    i.OLED_Init         oled.o
    0x080014d6   0x080014d6   0x00000014   Code   RO         3960    i.OLED_Pow          oled.o
    0x080014ea   0x080014ea   0x00000022   Code   RO         3961    i.OLED_SetCursor    oled.o
    0x0800150c   0x0800150c   0x00000074   Code   RO         3963    i.OLED_ShowChar     oled.o
    0x08001580   0x08001580   0x00000044   Code   RO         3965    i.OLED_ShowNum      oled.o
    0x080015c4   0x080015c4   0x00000028   Code   RO         3967    i.OLED_ShowString   oled.o
    0x080015ec   0x080015ec   0x00000020   Code   RO         3968    i.OLED_WriteCommand  oled.o
    0x0800160c   0x0800160c   0x00000020   Code   RO         3969    i.OLED_WriteData    oled.o
    0x0800162c   0x0800162c   0x00000018   Code   RO         3788    i.PID_Calc          pid.o
    0x08001644   0x08001644   0x00000088   Code   RO         3789    i.PID_Calc_Generic  pid.o
    0x080016cc   0x080016cc   0x00000014   Code   RO         3790    i.PID_Clear         pid.o
    0x080016e0   0x080016e0   0x00000020   Code   RO         3791    i.PID_Init          pid.o
    0x08001700   0x08001700   0x00000020   Code   RO         3793    i.PID_Turn_Init     pid.o
    0x08001720   0x08001720   0x000000b8   Code   RO         3889    i.PWM_Init          pwm.o
    0x080017d8   0x080017d8   0x00000002   Code   RO         3317    i.PendSV_Handler    stm32f10x_it.o
    0x080017da   0x080017da   0x00000002   PAD
    0x080017dc   0x080017dc   0x00000020   Code   RO         1775    i.RCC_APB1PeriphClockCmd  stm32f10x_rcc.o
    0x080017fc   0x080017fc   0x00000020   Code   RO         1777    i.RCC_APB2PeriphClockCmd  stm32f10x_rcc.o
    0x0800181c   0x0800181c   0x00000002   Code   RO         3318    i.SVC_Handler       stm32f10x_it.o
    0x0800181e   0x0800181e   0x00000008   Code   RO           24    i.SetSysClock       system_stm32f10x.o
    0x08001826   0x08001826   0x00000002   PAD
    0x08001828   0x08001828   0x000000e0   Code   RO           25    i.SetSysClockTo72   system_stm32f10x.o
    0x08001908   0x08001908   0x00000098   Code   RO         3890    i.Set_PWM           pwm.o
    0x080019a0   0x080019a0   0x00000002   Code   RO         3319    i.SysTick_Handler   stm32f10x_it.o
    0x080019a2   0x080019a2   0x00000008   Code   RO         3254    i.SystemClock_Config  main.o
    0x080019aa   0x080019aa   0x00000002   PAD
    0x080019ac   0x080019ac   0x00000060   Code   RO           27    i.SystemInit        system_stm32f10x.o
    0x08001a0c   0x08001a0c   0x00000020   Code   RO         3930    i.TIM2_IRQHandler   timer.o
    0x08001a2c   0x08001a2c   0x0000005a   Code   RO         3931    i.TIM2_Init         timer.o
    0x08001a86   0x08001a86   0x00000018   Code   RO         2409    i.TIM_ARRPreloadConfig  stm32f10x_tim.o
    0x08001a9e   0x08001a9e   0x00000006   Code   RO         2416    i.TIM_ClearITPendingBit  stm32f10x_tim.o
    0x08001aa4   0x08001aa4   0x00000018   Code   RO         2421    i.TIM_Cmd           stm32f10x_tim.o
    0x08001abc   0x08001abc   0x0000001e   Code   RO         2423    i.TIM_CtrlPWMOutputs  stm32f10x_tim.o
    0x08001ada   0x08001ada   0x00000022   Code   RO         2442    i.TIM_GetITStatus   stm32f10x_tim.o
    0x08001afc   0x08001afc   0x00000012   Code   RO         2446    i.TIM_ITConfig      stm32f10x_tim.o
    0x08001b0e   0x08001b0e   0x00000002   PAD
    0x08001b10   0x08001b10   0x000000a4   Code   RO         2455    i.TIM_OC2Init       stm32f10x_tim.o
    0x08001bb4   0x08001bb4   0x0000001a   Code   RO         2458    i.TIM_OC2PreloadConfig  stm32f10x_tim.o
    0x08001bce   0x08001bce   0x00000002   PAD
    0x08001bd0   0x08001bd0   0x000000a0   Code   RO         2460    i.TIM_OC3Init       stm32f10x_tim.o
    0x08001c70   0x08001c70   0x00000012   Code   RO         2463    i.TIM_OC3PreloadConfig  stm32f10x_tim.o
    0x08001c82   0x08001c82   0x00000004   Code   RO         2483    i.TIM_SetCompare2   stm32f10x_tim.o
    0x08001c86   0x08001c86   0x00000004   Code   RO         2484    i.TIM_SetCompare3   stm32f10x_tim.o
    0x08001c8a   0x08001c8a   0x00000002   PAD
    0x08001c8c   0x08001c8c   0x000000a4   Code   RO         2492    i.TIM_TimeBaseInit  stm32f10x_tim.o
    0x08001d30   0x08001d30   0x00000038   Code   RO         3255    i.Timer_Check       main.o
    0x08001d68   0x08001d68   0x00000020   Code   RO         3256    i.Timer_Start       main.o
    0x08001d88   0x08001d88   0x00000004   Code   RO         3320    i.UsageFault_Handler  stm32f10x_it.o
    0x08001d8c   0x08001d8c   0x000000e0   Code   RO         3257    i.main              main.o
    0x08001e6c   0x08001e6c   0x000000c4   Code   RO         4074    x$fpl$fadd          fz_ws.l(faddsub_clz.o)
    0x08001f30   0x08001f30   0x00000018   Code   RO         4105    x$fpl$fcmpinf       fz_ws.l(fcmpi.o)
    0x08001f48   0x08001f48   0x00000184   Code   RO         4081    x$fpl$fdiv          fz_ws.l(fdiv.o)
    0x080020cc   0x080020cc   0x00000036   Code   RO         4084    x$fpl$ffix          fz_ws.l(ffix.o)
    0x08002102   0x08002102   0x00000002   PAD
    0x08002104   0x08002104   0x0000003e   Code   RO         4088    x$fpl$ffixu         fz_ws.l(ffixu.o)
    0x08002142   0x08002142   0x00000002   PAD
    0x08002144   0x08002144   0x00000030   Code   RO         4093    x$fpl$fflt          fz_ws.l(fflt_clz.o)
    0x08002174   0x08002174   0x00000068   Code   RO         4098    x$fpl$fleqf         fz_ws.l(fleqf.o)
    0x080021dc   0x080021dc   0x00000102   Code   RO         4100    x$fpl$fmul          fz_ws.l(fmul.o)
    0x080022de   0x080022de   0x0000008c   Code   RO         4107    x$fpl$fnaninf       fz_ws.l(fnaninf.o)
    0x0800236a   0x0800236a   0x0000000a   Code   RO         4109    x$fpl$fretinf       fz_ws.l(fretinf.o)
    0x08002374   0x08002374   0x00000062   Code   RO         4102    x$fpl$frleqf        fz_ws.l(frleqf.o)
    0x080023d6   0x080023d6   0x00000002   PAD
    0x080023d8   0x080023d8   0x000000ea   Code   RO         4076    x$fpl$fsub          fz_ws.l(faddsub_clz.o)
    0x080024c2   0x080024c2   0x00000000   Code   RO         4111    x$fpl$usenofp       fz_ws.l(usenofp.o)
    0x080024c2   0x080024c2   0x00002000   Data   RO         3599    .constdata          imu660ra_config.o
    0x080044c2   0x080044c2   0x000005f0   Data   RO         3970    .constdata          oled.o
    0x08004ab2   0x08004ab2   0x00000002   PAD
    0x08004ab4   0x08004ab4   0x00000020   Data   RO         4264    Region$$Table       anon$$obj.o


    Execution Region RW_IRAM1 (Exec base: 0x20000000, Load base: 0x08004ad4, Size: 0x00000700, Max: 0x00005000, ABSOLUTE)

    Exec Addr    Load Addr    Size         Type   Attr      Idx    E Section Name        Object

    0x20000000   0x08004ad4   0x0000001e   Data   RW         3258    .data               main.o
    0x2000001e   0x08004af2   0x00000002   PAD
    0x20000020   0x08004af4   0x00000027   Data   RW         3514    .data               imu660ra.o
    0x20000047   0x08004b1b   0x00000001   PAD
    0x20000048   0x08004b1c   0x00000004   Data   RW         3610    .data               key.o
    0x2000004c   0x08004b20   0x00000008   Data   RW         3795    .data               pid.o
    0x20000054   0x08004b28   0x00000001   Data   RW         3932    .data               timer.o
    0x20000055   0x08004b29   0x00000003   PAD
    0x20000058        -       0x00000048   Zero   RW         3794    .bss                pid.o
    0x200000a0        -       0x00000060   Zero   RW         4138    .bss                c_w.l(libspace.o)
    0x20000100        -       0x00000200   Zero   RW           18    HEAP                startup_stm32f10x_md.o
    0x20000300        -       0x00000400   Zero   RW           17    STACK               startup_stm32f10x_md.o


==============================================================================

Image component sizes


      Code (inc. data)   RO Data    RW Data    ZI Data      Debug   Object Name

         0          0          0          0          0       4532   core_cm3.o
        70          0          0          0          0        890   delay.o
      1442        152          0         39          0       9150   imu660ra.o
         0          0       8192          0          0        535   imu660ra_config.o
       244         24          0          4          0       1096   key.o
      1498        204          0         30          0       5042   main.o
       132         22          0          0          0     204655   misc.o
       344         18          0          0          0       4702   myi2c.o
       822         22       1520          0          0       7317   oled.o
       706        102          0          8         72       6991   pid.o
       400         28          0          0          0       1757   pwm.o
        64         26        236          0       1536        776   startup_stm32f10x_md.o
         0          0          0          0          0       1636   stm32f10x_adc.o
       314          0          0          0          0      12212   stm32f10x_gpio.o
        26          0          0          0          0       3594   stm32f10x_it.o
        64         12          0          0          0       1034   stm32f10x_rcc.o
       676         62          0          0          0      27868   stm32f10x_tim.o
       328         28          0          0          0      30377   system_stm32f10x.o
       122          4          0          1          0       1409   timer.o

    ----------------------------------------------------------------------
      7272        704       9982         88       1608     325573   Object Totals
         0          0         32          0          0          0   (incl. Generated)
        20          0          2          6          0          0   (incl. Padding)

    ----------------------------------------------------------------------

      Code (inc. data)   RO Data    RW Data    ZI Data      Debug   Library Member Name

         8          0          0          0          0         68   __main.o
         0          0          0          0          0          0   __rtentry.o
        12          0          0          0          0          0   __rtentry2.o
         6          0          0          0          0          0   __rtentry4.o
        52          8          0          0          0          0   __scatter.o
        26          0          0          0          0          0   __scatter_copy.o
        28          0          0          0          0          0   __scatter_zi.o
        18          0          0          0          0         80   exit.o
         6          0          0          0          0        152   heapauxi.o
         0          0          0          0          0          0   indicate_semi.o
         2          0          0          0          0          0   libinit.o
         2          0          0          0          0          0   libinit2.o
         2          0          0          0          0          0   libshutdown.o
         2          0          0          0          0          0   libshutdown2.o
         8          4          0          0         96         68   libspace.o
         2          0          0          0          0          0   rtexit.o
        10          0          0          0          0          0   rtexit2.o
        12          4          0          0          0         68   sys_exit.o
        74          0          0          0          0         80   sys_stackheap_outer.o
         2          0          0          0          0         68   use_no_semi.o
       430          8          0          0          0        168   faddsub_clz.o
        24          0          0          0          0         68   fcmpi.o
       388         76          0          0          0         96   fdiv.o
        54          4          0          0          0         84   ffix.o
        62          4          0          0          0         84   ffixu.o
        48          0          0          0          0         68   fflt_clz.o
       104          4          0          0          0         84   fleqf.o
       258          4          0          0          0         84   fmul.o
       140          4          0          0          0         84   fnaninf.o
        10          0          0          0          0         68   fretinf.o
        98          0          0          0          0         68   frleqf.o
         0          0          0          0          0          0   usenofp.o

    ----------------------------------------------------------------------
      1902        120          0          0         96       1540   Library Totals
        14          0          0          0          0          0   (incl. Padding)

    ----------------------------------------------------------------------

      Code (inc. data)   RO Data    RW Data    ZI Data      Debug   Library Name

       272         16          0          0         96        584   c_w.l
      1616        104          0          0          0        956   fz_ws.l

    ----------------------------------------------------------------------
      1902        120          0          0         96       1540   Library Totals

    ----------------------------------------------------------------------

==============================================================================


      Code (inc. data)   RO Data    RW Data    ZI Data      Debug   

      9174        824       9982         88       1704     321441   Grand Totals
      9174        824       9982         88       1704     321441   ELF Image Totals
      9174        824       9982         88          0          0   ROM Totals

==============================================================================

    Total RO  Size (Code + RO Data)                19156 (  18.71kB)
    Total RW  Size (RW Data + ZI Data)              1792 (   1.75kB)
    Total ROM Size (Code + RO Data + RW Data)      19244 (  18.79kB)

==============================================================================

